../Drivers/CMSIS/Include/core_cm4.h:2064:26:ITM_SendChar	16	static,ignoring_inline_asm
../Core/Src/main.c:76:5:main	8	static
../Core/Src/main.c:159:6:SystemClock_Config	88	static
../Core/Src/main.c:207:13:MX_I2S2_Init	8	static
../Core/Src/main.c:241:13:MX_SDIO_SD_Init	4	static
../Core/Src/main.c:267:13:MX_DMA_Init	16	static
../Core/Src/main.c:285:13:MX_GPIO_Init	48	static
../Core/Src/main.c:318:5:_write	32	static
../Core/Src/main.c:330:6:HAL_I2S_RxCpltCallback	16	static
../Core/Src/main.c:335:6:HAL_I2S_RxHalfCpltCallback	16	static
../Core/Src/main.c:341:6:HAL_GPIO_EXTI_Callback	16	static
../Core/Src/main.c:354:6:Error_Handler	4	static,ignoring_inline_asm
