../Drivers/CMSIS/Include/core_cm4.h:2064:26:ITM_SendChar	16	static,ignoring_inline_asm
../Core/Src/main.c:79:5:main	16	static
../Core/Src/main.c:212:6:SystemClock_Config	88	static
../Core/Src/main.c:254:13:MX_TIM2_Init	48	static
../Core/Src/main.c:307:13:MX_USART2_UART_Init	8	static
../Core/Src/main.c:338:13:MX_DMA_Init	16	static
../Core/Src/main.c:356:13:MX_GPIO_Init	32	static
../Core/Src/main.c:380:5:_write	32	static
../Core/Src/main.c:392:6:HAL_UART_RxCpltCallback	16	static
../Core/Src/main.c:409:6:Error_Handler	4	static,ignoring_inline_asm
