Archive member included to satisfy reference by file (symbol)

/opt/st/stm32cubeide_1.17.0/plugins/com.st.stm32cube.ide.mcu.externaltools.gnu-tools-for-stm32.12.3.rel1.linux64_1.1.0.202410170702/tools/bin/../lib/gcc/arm-none-eabi/12.3.1/../../../../arm-none-eabi/lib/thumb/v7e-m+fp/hard/libc_nano.a(libc_a-exit.o)
                              /opt/st/stm32cubeide_1.17.0/plugins/com.st.stm32cube.ide.mcu.externaltools.gnu-tools-for-stm32.12.3.rel1.linux64_1.1.0.202410170702/tools/bin/../lib/gcc/arm-none-eabi/12.3.1/../../../../arm-none-eabi/lib/thumb/v7e-m+fp/hard/crt0.o (exit)
/opt/st/stm32cubeide_1.17.0/plugins/com.st.stm32cube.ide.mcu.externaltools.gnu-tools-for-stm32.12.3.rel1.linux64_1.1.0.202410170702/tools/bin/../lib/gcc/arm-none-eabi/12.3.1/../../../../arm-none-eabi/lib/thumb/v7e-m+fp/hard/libc_nano.a(libc_a-findfp.o)
                              /opt/st/stm32cubeide_1.17.0/plugins/com.st.stm32cube.ide.mcu.externaltools.gnu-tools-for-stm32.12.3.rel1.linux64_1.1.0.202410170702/tools/bin/../lib/gcc/arm-none-eabi/12.3.1/../../../../arm-none-eabi/lib/thumb/v7e-m+fp/hard/libc_nano.a(libc_a-exit.o) (__stdio_exit_handler)
/opt/st/stm32cubeide_1.17.0/plugins/com.st.stm32cube.ide.mcu.externaltools.gnu-tools-for-stm32.12.3.rel1.linux64_1.1.0.202410170702/tools/bin/../lib/gcc/arm-none-eabi/12.3.1/../../../../arm-none-eabi/lib/thumb/v7e-m+fp/hard/libc_nano.a(libc_a-fwalk.o)
                              /opt/st/stm32cubeide_1.17.0/plugins/com.st.stm32cube.ide.mcu.externaltools.gnu-tools-for-stm32.12.3.rel1.linux64_1.1.0.202410170702/tools/bin/../lib/gcc/arm-none-eabi/12.3.1/../../../../arm-none-eabi/lib/thumb/v7e-m+fp/hard/libc_nano.a(libc_a-findfp.o) (_fwalk_sglue)
/opt/st/stm32cubeide_1.17.0/plugins/com.st.stm32cube.ide.mcu.externaltools.gnu-tools-for-stm32.12.3.rel1.linux64_1.1.0.202410170702/tools/bin/../lib/gcc/arm-none-eabi/12.3.1/../../../../arm-none-eabi/lib/thumb/v7e-m+fp/hard/libc_nano.a(libc_a-printf.o)
                              ./Core/Src/sd.o (printf)
/opt/st/stm32cubeide_1.17.0/plugins/com.st.stm32cube.ide.mcu.externaltools.gnu-tools-for-stm32.12.3.rel1.linux64_1.1.0.202410170702/tools/bin/../lib/gcc/arm-none-eabi/12.3.1/../../../../arm-none-eabi/lib/thumb/v7e-m+fp/hard/libc_nano.a(libc_a-puts.o)
                              ./Core/Src/sd.o (puts)
/opt/st/stm32cubeide_1.17.0/plugins/com.st.stm32cube.ide.mcu.externaltools.gnu-tools-for-stm32.12.3.rel1.linux64_1.1.0.202410170702/tools/bin/../lib/gcc/arm-none-eabi/12.3.1/../../../../arm-none-eabi/lib/thumb/v7e-m+fp/hard/libc_nano.a(libc_a-stdio.o)
                              /opt/st/stm32cubeide_1.17.0/plugins/com.st.stm32cube.ide.mcu.externaltools.gnu-tools-for-stm32.12.3.rel1.linux64_1.1.0.202410170702/tools/bin/../lib/gcc/arm-none-eabi/12.3.1/../../../../arm-none-eabi/lib/thumb/v7e-m+fp/hard/libc_nano.a(libc_a-findfp.o) (__sread)
/opt/st/stm32cubeide_1.17.0/plugins/com.st.stm32cube.ide.mcu.externaltools.gnu-tools-for-stm32.12.3.rel1.linux64_1.1.0.202410170702/tools/bin/../lib/gcc/arm-none-eabi/12.3.1/../../../../arm-none-eabi/lib/thumb/v7e-m+fp/hard/libc_nano.a(libc_a-wbuf.o)
                              /opt/st/stm32cubeide_1.17.0/plugins/com.st.stm32cube.ide.mcu.externaltools.gnu-tools-for-stm32.12.3.rel1.linux64_1.1.0.202410170702/tools/bin/../lib/gcc/arm-none-eabi/12.3.1/../../../../arm-none-eabi/lib/thumb/v7e-m+fp/hard/libc_nano.a(libc_a-puts.o) (__swbuf_r)
/opt/st/stm32cubeide_1.17.0/plugins/com.st.stm32cube.ide.mcu.externaltools.gnu-tools-for-stm32.12.3.rel1.linux64_1.1.0.202410170702/tools/bin/../lib/gcc/arm-none-eabi/12.3.1/../../../../arm-none-eabi/lib/thumb/v7e-m+fp/hard/libc_nano.a(libc_a-wsetup.o)
                              /opt/st/stm32cubeide_1.17.0/plugins/com.st.stm32cube.ide.mcu.externaltools.gnu-tools-for-stm32.12.3.rel1.linux64_1.1.0.202410170702/tools/bin/../lib/gcc/arm-none-eabi/12.3.1/../../../../arm-none-eabi/lib/thumb/v7e-m+fp/hard/libc_nano.a(libc_a-puts.o) (__swsetup_r)
/opt/st/stm32cubeide_1.17.0/plugins/com.st.stm32cube.ide.mcu.externaltools.gnu-tools-for-stm32.12.3.rel1.linux64_1.1.0.202410170702/tools/bin/../lib/gcc/arm-none-eabi/12.3.1/../../../../arm-none-eabi/lib/thumb/v7e-m+fp/hard/libc_nano.a(libc_a-memset.o)
                              /opt/st/stm32cubeide_1.17.0/plugins/com.st.stm32cube.ide.mcu.externaltools.gnu-tools-for-stm32.12.3.rel1.linux64_1.1.0.202410170702/tools/bin/../lib/gcc/arm-none-eabi/12.3.1/../../../../arm-none-eabi/lib/thumb/v7e-m+fp/hard/crt0.o (memset)
/opt/st/stm32cubeide_1.17.0/plugins/com.st.stm32cube.ide.mcu.externaltools.gnu-tools-for-stm32.12.3.rel1.linux64_1.1.0.202410170702/tools/bin/../lib/gcc/arm-none-eabi/12.3.1/../../../../arm-none-eabi/lib/thumb/v7e-m+fp/hard/libc_nano.a(libc_a-closer.o)
[...]
Memory Configuration

Name             Origin             Length             Attributes
RAM              0x20000000         0x00020000         xrw
FLASH            0x08000000         0x00080000         xr
*default*        0x00000000         0xffffffff

Linker script and memory map

LOAD /opt/st/stm32cubeide_1.17.0/plugins/com.st.stm32cube.ide.mcu.externaltools.gnu-tools-for-stm32.12.3.rel1.linux64_1.1.0.202410170702/tools/bin/../lib/gcc/arm-none-eabi/12.3.1/thumb/v7e-m+fp/hard/crti.o
LOAD /opt/st/stm32cubeide_1.17.0/plugins/com.st.stm32cube.ide.mcu.externaltools.gnu-tools-for-stm32.12.3.rel1.linux64_1.1.0.202410170702/tools/bin/../lib/gcc/arm-none-eabi/12.3.1/thumb/v7e-m+fp/hard/crtbegin.o
LOAD /opt/st/stm32cubeide_1.17.0/plugins/com.st.stm32cube.ide.mcu.externaltools.gnu-tools-for-stm32.12.3.rel1.linux64_1.1.0.202410170702/tools/bin/../lib/gcc/arm-none-eabi/12.3.1/../../../../arm-none-eabi/lib/thumb/v7e-m+fp/hard/crt0.o
LOAD ./Core/Src/main.o
LOAD ./Core/Src/sd.o
LOAD ./Core/Src/stm32f4xx_hal_msp.o
LOAD ./Core/Src/stm32f4xx_it.o
LOAD ./Core/Src/syscalls.o
LOAD ./Core/Src/sysmem.o
LOAD ./Core/Src/system_stm32f4xx.o
LOAD ./Core/Startup/startup_stm32f446retx.o
LOAD ./Drivers/STM32F4xx_HAL_Driver/Src/stm32f4xx_hal.o
LOAD ./Drivers/STM32F4xx_HAL_Driver/Src/stm32f4xx_hal_cortex.o
LOAD ./Drivers/STM32F4xx_HAL_Driver/Src/stm32f4xx_hal_dma.o
LOAD ./Drivers/STM32F4xx_HAL_Driver/Src/stm32f4xx_hal_dma_ex.o
LOAD ./Drivers/STM32F4xx_HAL_Driver/Src/stm32f4xx_hal_exti.o
LOAD ./Drivers/STM32F4xx_HAL_Driver/Src/stm32f4xx_hal_flash.o
LOAD ./Drivers/STM32F4xx_HAL_Driver/Src/stm32f4xx_hal_flash_ex.o
LOAD ./Drivers/STM32F4xx_HAL_Driver/Src/stm32f4xx_hal_flash_ramfunc.o
LOAD ./Drivers/STM32F4xx_HAL_Driver/Src/stm32f4xx_hal_gpio.o
LOAD ./Drivers/STM32F4xx_HAL_Driver/Src/stm32f4xx_hal_pwr.o
LOAD ./Drivers/STM32F4xx_HAL_Driver/Src/stm32f4xx_hal_pwr_ex.o
LOAD ./Drivers/STM32F4xx_HAL_Driver/Src/stm32f4xx_hal_rcc.o
LOAD ./Drivers/STM32F4xx_HAL_Driver/Src/stm32f4xx_hal_rcc_ex.o
LOAD ./Drivers/STM32F4xx_HAL_Driver/Src/stm32f4xx_hal_spi.o
LOAD ./Drivers/STM32F4xx_HAL_Driver/Src/stm32f4xx_hal_uart.o
LOAD ./FATFS/App/fatfs.o
LOAD ./FATFS/Target/user_diskio.o
LOAD ./FATFS/Target/user_diskio_spi.o
LOAD ./Middlewares/Third_Party/FatFs/src/diskio.o
LOAD ./Middlewares/Third_Party/FatFs/src/ff.o
LOAD ./Middlewares/Third_Party/FatFs/src/ff_gen_drv.o
LOAD ./Middlewares/Third_Party/FatFs/src/option/syscall.o
START GROUP
LOAD /opt/st/stm32cubeide_1.17.0/plugins/com.st.stm32cube.ide.mcu.externaltools.gnu-tools-for-stm32.12.3.rel1.linux64_1.1.0.202410170702/tools/bin/../lib/gcc/arm-none-eabi/12.3.1/../../../../arm-none-eabi/lib/thumb/v7e-m+fp/hard/libc_nano.a
LOAD /opt/st/stm32cubeide_1.17.0/plugins/com.st.stm32cube.ide.mcu.externaltools.gnu-tools-for-stm32.12.3.rel1.linux64_1.1.0.202410170702/tools/bin/../lib/gcc/arm-none-eabi/12.3.1/../../../../arm-none-eabi/lib/thumb/v7e-m+fp/hard/libm.a
END GROUP
START GROUP
LOAD /opt/st/stm32cubeide_1.17.0/plugins/com.st.stm32cube.ide.mcu.externaltools.gnu-tools-for-stm32.12.3.rel1.linux64_1.1.0.202410170702/tools/bin/../lib/gcc/arm-none-eabi/12.3.1/thumb/v7e-m+fp/hard/libgcc.a
LOAD /opt/st/stm32cubeide_1.17.0/plugins/com.st.stm32cube.ide.mcu.externaltools.gnu-tools-for-stm32.12.3.rel1.linux64_1.1.0.202410170702/tools/bin/../lib/gcc/arm-none-eabi/12.3.1/../../../../arm-none-eabi/lib/thumb/v7e-m+fp/hard/libc_nano.a
END GROUP
START GROUP
LOAD /opt/st/stm32cubeide_1.17.0/plugins/com.st.stm32cube.ide.mcu.externaltools.gnu-tools-for-stm32.12.3.rel1.linux64_1.1.0.202410170702/tools/bin/../lib/gcc/arm-none-eabi/12.3.1/thumb/v7e-m+fp/hard/libgcc.a
LOAD /opt/st/stm32cubeide_1.17.0/plugins/com.st.stm32cube.ide.mcu.externaltools.gnu-tools-for-stm32.12.3.rel1.linux64_1.1.0.202410170702/tools/bin/../lib/gcc/arm-none-eabi/12.3.1/../../../../arm-none-eabi/lib/thumb/v7e-m+fp/hard/libc_nano.a
LOAD /opt/st/stm32cubeide_1.17.0/plugins/com.st.stm32cube.ide.mcu.externaltools.gnu-tools-for-stm32.12.3.rel1.linux64_1.1.0.202410170702/tools/bin/../lib/gcc/arm-none-eabi/12.3.1/../../../../arm-none-eabi/lib/thumb/v7e-m+fp/hard/libnosys.a
END GROUP
START GROUP
LOAD /opt/st/stm32cubeide_1.17.0/plugins/com.st.stm32cube.ide.mcu.externaltools.gnu-tools-for-stm32.12.3.rel1.linux64_1.1.0.202410170702/tools/bin/../lib/gcc/arm-none-eabi/12.3.1/thumb/v7e-m+fp/hard/libgcc.a
LOAD /opt/st/stm32cubeide_1.17.0/plugins/com.st.stm32cube.ide.mcu.externaltools.gnu-tools-for-stm32.12.3.rel1.linux64_1.1.0.202410170702/tools/bin/../lib/gcc/arm-none-eabi/12.3.1/../../../../arm-none-eabi/lib/thumb/v7e-m+fp/hard/libc_nano.a
LOAD /opt/st/stm32cubeide_1.17.0/plugins/com.st.stm32cube.ide.mcu.externaltools.gnu-tools-for-stm32.12.3.rel1.linux64_1.1.0.202410170702/tools/bin/../lib/gcc/arm-none-eabi/12.3.1/../../../../arm-none-eabi/lib/thumb/v7e-m+fp/hard/libnosys.a
END GROUP
LOAD /opt/st/stm32cubeide_1.17.0/plugins/com.st.stm32cube.ide.mcu.externaltools.gnu-tools-for-stm32.12.3.rel1.linux64_1.1.0.202410170702/tools/bin/../lib/gcc/arm-none-eabi/12.3.1/thumb/v7e-m+fp/hard/crtend.o
LOAD /opt/st/stm32cubeide_1.17.0/plugins/com.st.stm32cube.ide.mcu.externaltools.gnu-tools-for-stm32.12.3.rel1.linux64_1.1.0.202410170702/tools/bin/../lib/gcc/arm-none-eabi/12.3.1/thumb/v7e-m+fp/hard/crtn.o
                0x20020000                        _estack = (ORIGIN (RAM) + LENGTH (RAM))
                0x00000200                        _Min_Heap_Size = 0x200
                0x00000400                        _Min_Stack_Size = 0x400

.isr_vector     0x08000000      0x1c4
                0x08000000                        . = ALIGN (0x4)
 *(.isr_vector)
 .isr_vector    0x08000000      0x1c4 ./Core/Startup/startup_stm32f446retx.o
                0x08000000                g_pfnVectors
                0x080001c4                        . = ALIGN (0x4)

.text           0x080001d0     0x6c04
                0x080001d0                        . = ALIGN (0x4)
 *(.text)
 .text          0x080001d0       0x40 /opt/st/stm32cubeide_1.17.0/plugins/com.st.stm32cube.ide.mcu.externaltools.gnu-tools-for-stm32.12.3.rel1.linux64_1.1.0.202410170702/tools/bin/../lib/gcc/arm-none-eabi/12.3.1/thumb/v7e-m+fp/hard/crtbegin.o
 .text          0x08000210       0x10 /opt/st/stm32cubeide_1.17.0/plugins/com.st.stm32cube.ide.mcu.externaltools.gnu-tools-for-stm32.12.3.rel1.linux64_1.1.0.202410170702/tools/bin/../lib/gcc/arm-none-eabi/12.3.1/../../../../arm-none-eabi/lib/thumb/v7e-m+fp/hard/libc_nano.a(libc_a-strlen.o)
                0x08000210                strlen
 .text          0x08000220       0xa0 /opt/st/stm32cubeide_1.17.0/plugins/com.st.stm32cube.ide.mcu.externaltools.gnu-tools-for-stm32.12.3.rel1.linux64_1.1.0.202410170702/tools/bin/../lib/gcc/arm-none-eabi/12.3.1/../../../../arm-none-eabi/lib/thumb/v7e-m+fp/hard/libc_nano.a(libc_a-memchr.o)
                0x08000220                memchr
 .text          0x080002c0       0x30 /opt/st/stm32cubeide_1.17.0/plugins/com.st.stm32cube.ide.mcu.externaltools.gnu-tools-for-stm32.12.3.rel1.linux64_1.1.0.202410170702/tools/bin/../lib/gcc/arm-none-eabi/12.3.1/thumb/v7e-m+fp/hard/libgcc.a(_aeabi_uldivmod.o)
                0x080002c0                __aeabi_uldivmod
 .text          0x080002f0      0x2bc /opt/st/stm32cubeide_1.17.0/plugins/com.st.stm32cube.ide.mcu.externaltools.gnu-tools-for-stm32.12.3.rel1.linux64_1.1.0.202410170702/tools/bin/../lib/gcc/arm-none-eabi/12.3.1/thumb/v7e-m+fp/hard/libgcc.a(_udivmoddi4.o)
                0x080002f0                __udivmoddi4
 .text          0x080005ac        0x4 /opt/st/stm32cubeide_1.17.0/plugins/com.st.stm32cube.ide.mcu.externaltools.gnu-tools-for-stm32.12.3.rel1.linux64_1.1.0.202410170702/tools/bin/../lib/gcc/arm-none-eabi/12.3.1/thumb/v7e-m+fp/hard/libgcc.a(_dvmd_tls.o)
                0x080005ac                __aeabi_ldiv0
                0x080005ac                __aeabi_idiv0
 *(.text*)
 .text.ITM_SendChar
                0x080005b0       0x4e ./Core/Src/main.o
 *fill*         0x080005fe        0x2 
 .text.main     0x08000600       0x50 ./Core/Src/main.o
                0x08000600                main
 .text.SystemClock_Config
                0x08000650       0xe4 ./Core/Src/main.o
                0x08000650                SystemClock_Config
 .text.MX_SPI1_Init
                0x08000734       0x6c ./Core/Src/main.o
 .text.MX_USART2_UART_Init
                0x080007a0       0x54 ./Core/Src/main.o
 .text.MX_GPIO_Init
                0x080007f4       0x84 ./Core/Src/main.o
 .text._write   0x08000878       0x38 ./Core/Src/main.o
                0x08000878                _write
 .text.Error_Handler
                0x080008b0        0xc ./Core/Src/main.o
                0x080008b0                Error_Handler
 .text.sd_card_mount
                0x080008bc       0x4c ./Core/Src/sd.o
                0x080008bc                sd_card_mount
 .text.sd_card_unmount
                0x08000908       0x18 ./Core/Src/sd.o
                0x08000908                sd_card_unmount
 .text.sd_card_read
                0x08000920       0xa4 ./Core/Src/sd.o
                0x08000920                sd_card_read
 .text.sd_card_write
                0x080009c4       0xac ./Core/Src/sd.o
                0x080009c4                sd_card_write
 .text.HAL_MspInit
                0x08000a70       0x50 ./Core/Src/stm32f4xx_hal_msp.o
                0x08000a70                HAL_MspInit
 .text.HAL_SPI_MspInit
                0x08000ac0       0x90 ./Core/Src/stm32f4xx_hal_msp.o
                0x08000ac0                HAL_SPI_MspInit
 .text.HAL_UART_MspInit
                0x08000b50       0x90 ./Core/Src/stm32f4xx_hal_msp.o
                0x08000b50                HAL_UART_MspInit
 .text.NMI_Handler
                0x08000be0        0x8 ./Core/Src/stm32f4xx_it.o
                0x08000be0                NMI_Handler
 .text.HardFault_Handler
                0x08000be8        0x8 ./Core/Src/stm32f4xx_it.o
                0x08000be8                HardFault_Handler
 .text.MemManage_Handler
                0x08000bf0        0x8 ./Core/Src/stm32f4xx_it.o
                0x08000bf0                MemManage_Handler
 .text.BusFault_Handler
                0x08000bf8        0x8 ./Core/Src/stm32f4xx_it.o
                0x08000bf8                BusFault_Handler
 .text.UsageFault_Handler
                0x08000c00        0x8 ./Core/Src/stm32f4xx_it.o
                0x08000c00                UsageFault_Handler
 .text.SVC_Handler
                0x08000c08        0xe ./Core/Src/stm32f4xx_it.o
                0x08000c08                SVC_Handler
 .text.DebugMon_Handler
                0x08000c16        0xe ./Core/Src/stm32f4xx_it.o
                0x08000c16                DebugMon_Handler
 .text.PendSV_Handler
                0x08000c24        0xe ./Core/Src/stm32f4xx_it.o
                0x08000c24                PendSV_Handler
 .text.SysTick_Handler
                0x08000c32        0xc ./Core/Src/stm32f4xx_it.o
                0x08000c32                SysTick_Handler
 .text._read    0x08000c3e       0x3a ./Core/Src/syscalls.o
                0x08000c3e                _read
 .text._close   0x08000c78       0x18 ./Core/Src/syscalls.o
                0x08000c78                _close
 .text._fstat   0x08000c90       0x20 ./Core/Src/syscalls.o
                0x08000c90                _fstat
 .text._isatty  0x08000cb0       0x16 ./Core/Src/syscalls.o
                0x08000cb0                _isatty
 .text._lseek   0x08000cc6       0x1a ./Core/Src/syscalls.o
                0x08000cc6                _lseek
 .text._sbrk    0x08000ce0       0x6c ./Core/Src/sysmem.o
                0x08000ce0                _sbrk
 .text.SystemInit
                0x08000d4c       0x24 ./Core/Src/system_stm32f4xx.o
                0x08000d4c                SystemInit
 .text.Reset_Handler
                0x08000d70       0x50 ./Core/Startup/startup_stm32f446retx.o
                0x08000d70                Reset_Handler
 .text.Default_Handler
                0x08000dc0        0x2 ./Core/Startup/startup_stm32f446retx.o
                0x08000dc0                RTC_Alarm_IRQHandler
                0x08000dc0                EXTI2_IRQHandler
                0x08000dc0                TIM8_CC_IRQHandler
                0x08000dc0                FMPI2C1_EV_IRQHandler
                0x08000dc0                SPI4_IRQHandler
                0x08000dc0                TIM1_CC_IRQHandler
                0x08000dc0                DMA2_Stream5_IRQHandler
                0x08000dc0                DMA1_Stream5_IRQHandler
                0x08000dc0                PVD_IRQHandler
                0x08000dc0                SDIO_IRQHandler
                0x08000dc0                TAMP_STAMP_IRQHandler
                0x08000dc0                CAN2_RX1_IRQHandler
                0x08000dc0                EXTI3_IRQHandler
                0x08000dc0                TIM8_TRG_COM_TIM14_IRQHandler
                0x08000dc0                TIM1_UP_TIM10_IRQHandler
                0x08000dc0                TIM8_UP_TIM13_IRQHandler
                0x08000dc0                I2C3_ER_IRQHandler
                0x08000dc0                EXTI0_IRQHandler
                0x08000dc0                I2C2_EV_IRQHandler
                0x08000dc0                DMA1_Stream2_IRQHandler
                0x08000dc0                CAN1_RX0_IRQHandler
                0x08000dc0                FPU_IRQHandler
                0x08000dc0                OTG_HS_WKUP_IRQHandler
                0x08000dc0                CAN2_SCE_IRQHandler
                0x08000dc0                DMA2_Stream2_IRQHandler
                0x08000dc0                SPI1_IRQHandler
                0x08000dc0                TIM6_DAC_IRQHandler
                0x08000dc0                TIM1_BRK_TIM9_IRQHandler
                0x08000dc0                DCMI_IRQHandler
                0x08000dc0                CAN2_RX0_IRQHandler
                0x08000dc0                DMA2_Stream3_IRQHandler
                0x08000dc0                SAI2_IRQHandler
                0x08000dc0                USART6_IRQHandler
                0x08000dc0                USART3_IRQHandler
                0x08000dc0                CAN1_RX1_IRQHandler
                0x08000dc0                UART5_IRQHandler
                0x08000dc0                DMA2_Stream0_IRQHandler
                0x08000dc0                TIM4_IRQHandler
                0x08000dc0                QUADSPI_IRQHandler
                0x08000dc0                I2C1_EV_IRQHandler
                0x08000dc0                DMA1_Stream6_IRQHandler
                0x08000dc0                DMA1_Stream1_IRQHandler
                0x08000dc0                UART4_IRQHandler
                0x08000dc0                TIM3_IRQHandler
                0x08000dc0                RCC_IRQHandler
                0x08000dc0                TIM8_BRK_TIM12_IRQHandler
                0x08000dc0                Default_Handler
                0x08000dc0                CEC_IRQHandler
                0x08000dc0                EXTI15_10_IRQHandler
                0x08000dc0                ADC_IRQHandler
                0x08000dc0                DMA1_Stream7_IRQHandler
                0x08000dc0                TIM7_IRQHandler
                0x08000dc0                CAN2_TX_IRQHandler
                0x08000dc0                TIM5_IRQHandler
                0x08000dc0                DMA2_Stream7_IRQHandler
                0x08000dc0                I2C3_EV_IRQHandler
                0x08000dc0                EXTI9_5_IRQHandler
                0x08000dc0                RTC_WKUP_IRQHandler
                0x08000dc0                SPDIF_RX_IRQHandler
                0x08000dc0                SPI2_IRQHandler
                0x08000dc0                OTG_HS_EP1_IN_IRQHandler
                0x08000dc0                DMA1_Stream0_IRQHandler
                0x08000dc0                CAN1_TX_IRQHandler
                0x08000dc0                FMPI2C1_ER_IRQHandler
                0x08000dc0                EXTI4_IRQHandler
                0x08000dc0                OTG_HS_EP1_OUT_IRQHandler
                0x08000dc0                WWDG_IRQHandler
                0x08000dc0                TIM2_IRQHandler
                0x08000dc0                OTG_FS_WKUP_IRQHandler
                0x08000dc0                TIM1_TRG_COM_TIM11_IRQHandler
                0x08000dc0                OTG_HS_IRQHandler
                0x08000dc0                EXTI1_IRQHandler
                0x08000dc0                USART2_IRQHandler
                0x08000dc0                I2C2_ER_IRQHandler
                0x08000dc0                DMA2_Stream1_IRQHandler
                0x08000dc0                CAN1_SCE_IRQHandler
                0x08000dc0                FLASH_IRQHandler
                0x08000dc0                DMA2_Stream4_IRQHandler
                0x08000dc0                USART1_IRQHandler
                0x08000dc0                OTG_FS_IRQHandler
                0x08000dc0                SPI3_IRQHandler
                0x08000dc0                DMA1_Stream4_IRQHandler
                0x08000dc0                I2C1_ER_IRQHandler
                0x08000dc0                FMC_IRQHandler
                0x08000dc0                DMA2_Stream6_IRQHandler
                0x08000dc0                SAI1_IRQHandler
                0x08000dc0                DMA1_Stream3_IRQHandler
 *fill*         0x08000dc2        0x2 
 .text.HAL_Init
                0x08000dc4       0x44 ./Drivers/STM32F4xx_HAL_Driver/Src/stm32f4xx_hal.o
                0x08000dc4                HAL_Init
 .text.HAL_InitTick
                0x08000e08       0x60 ./Drivers/STM32F4xx_HAL_Driver/Src/stm32f4xx_hal.o
                0x08000e08                HAL_InitTick
 .text.HAL_IncTick
                0x08000e68       0x28 ./Drivers/STM32F4xx_HAL_Driver/Src/stm32f4xx_hal.o
                0x08000e68                HAL_IncTick
 .text.HAL_GetTick
                0x08000e90       0x18 ./Drivers/STM32F4xx_HAL_Driver/Src/stm32f4xx_hal.o
                0x08000e90                HAL_GetTick
 .text.HAL_Delay
                0x08000ea8       0x48 ./Drivers/STM32F4xx_HAL_Driver/Src/stm32f4xx_hal.o
                0x08000ea8                HAL_Delay
 .text.__NVIC_SetPriorityGrouping
                0x08000ef0       0x48 ./Drivers/STM32F4xx_HAL_Driver/Src/stm32f4xx_hal_cortex.o
 .text.__NVIC_GetPriorityGrouping
                0x08000f38       0x1c ./Drivers/STM32F4xx_HAL_Driver/Src/stm32f4xx_hal_cortex.o
 .text.__NVIC_SetPriority
                0x08000f54       0x54 ./Drivers/STM32F4xx_HAL_Driver/Src/stm32f4xx_hal_cortex.o
 .text.NVIC_EncodePriority
                0x08000fa8       0x66 ./Drivers/STM32F4xx_HAL_Driver/Src/stm32f4xx_hal_cortex.o
 *fill*         0x0800100e        0x2 
 .text.SysTick_Config
                0x08001010       0x44 ./Drivers/STM32F4xx_HAL_Driver/Src/stm32f4xx_hal_cortex.o
 .text.HAL_NVIC_SetPriorityGrouping
                0x08001054       0x16 ./Drivers/STM32F4xx_HAL_Driver/Src/stm32f4xx_hal_cortex.o
                0x08001054                HAL_NVIC_SetPriorityGrouping
 .text.HAL_NVIC_SetPriority
                0x0800106a       0x38 ./Drivers/STM32F4xx_HAL_Driver/Src/stm32f4xx_hal_cortex.o
                0x0800106a                HAL_NVIC_SetPriority
 .text.HAL_SYSTICK_Config
                0x080010a2       0x18 ./Drivers/STM32F4xx_HAL_Driver/Src/stm32f4xx_hal_cortex.o
                0x080010a2                HAL_SYSTICK_Config
 *fill*         0x080010ba        0x2 
 .text.HAL_GPIO_Init
                0x080010bc      0x328 ./Drivers/STM32F4xx_HAL_Driver/Src/stm32f4xx_hal_gpio.o
                0x080010bc                HAL_GPIO_Init
 .text.HAL_GPIO_WritePin
                0x080013e4       0x32 ./Drivers/STM32F4xx_HAL_Driver/Src/stm32f4xx_hal_gpio.o
                0x080013e4                HAL_GPIO_WritePin
 *fill*         0x08001416        0x2 
 .text.HAL_PWREx_EnableOverDrive
                0x08001418       0xa0 ./Drivers/STM32F4xx_HAL_Driver/Src/stm32f4xx_hal_pwr_ex.o
                0x08001418                HAL_PWREx_EnableOverDrive
 .text.HAL_RCC_ClockConfig
                0x080014b8      0x1cc ./Drivers/STM32F4xx_HAL_Driver/Src/stm32f4xx_hal_rcc.o
                0x080014b8                HAL_RCC_ClockConfig
 .text.HAL_RCC_GetHCLKFreq
                0x08001684       0x18 ./Drivers/STM32F4xx_HAL_Driver/Src/stm32f4xx_hal_rcc.o
                0x08001684                HAL_RCC_GetHCLKFreq
 .text.HAL_RCC_GetPCLK1Freq
                0x0800169c       0x28 ./Drivers/STM32F4xx_HAL_Driver/Src/stm32f4xx_hal_rcc.o
                0x0800169c                HAL_RCC_GetPCLK1Freq
 .text.HAL_RCC_GetPCLK2Freq
                0x080016c4       0x28 ./Drivers/STM32F4xx_HAL_Driver/Src/stm32f4xx_hal_rcc.o
                0x080016c4                HAL_RCC_GetPCLK2Freq
 .text.HAL_RCC_GetSysClockFreq
                0x080016ec      0x354 ./Drivers/STM32F4xx_HAL_Driver/Src/stm32f4xx_hal_rcc_ex.o
                0x080016ec                HAL_RCC_GetSysClockFreq
 .text.HAL_RCC_OscConfig
                0x08001a40      0x53c ./Drivers/STM32F4xx_HAL_Driver/Src/stm32f4xx_hal_rcc_ex.o
                0x08001a40                HAL_RCC_OscConfig
 .text.HAL_SPI_Init
                0x08001f7c      0x112 ./Drivers/STM32F4xx_HAL_Driver/Src/stm32f4xx_hal_spi.o
                0x08001f7c                HAL_SPI_Init
 .text.HAL_SPI_Transmit
                0x0800208e      0x288 ./Drivers/STM32F4xx_HAL_Driver/Src/stm32f4xx_hal_spi.o
                0x0800208e                HAL_SPI_Transmit
 .text.HAL_SPI_TransmitReceive
                0x08002316      0x352 ./Drivers/STM32F4xx_HAL_Driver/Src/stm32f4xx_hal_spi.o
                0x08002316                HAL_SPI_TransmitReceive
 .text.SPI_WaitFlagStateUntilTimeout
                0x08002668      0x110 ./Drivers/STM32F4xx_HAL_Driver/Src/stm32f4xx_hal_spi.o
 .text.SPI_EndRxTxTransaction
                0x08002778       0xa8 ./Drivers/STM32F4xx_HAL_Driver/Src/stm32f4xx_hal_spi.o
 .text.HAL_UART_Init
                0x08002820       0xa0 ./Drivers/STM32F4xx_HAL_Driver/Src/stm32f4xx_hal_uart.o
                0x08002820                HAL_UART_Init
 .text.UART_SetConfig
                0x080028c0      0x4e8 ./Drivers/STM32F4xx_HAL_Driver/Src/stm32f4xx_hal_uart.o
 .text.MX_FATFS_Init
                0x08002da8       0x24 ./FATFS/App/fatfs.o
                0x08002da8                MX_FATFS_Init
 .text.get_fattime
                0x08002dcc       0x10 ./FATFS/App/fatfs.o
                0x08002dcc                get_fattime
 .text.USER_initialize
                0x08002ddc       0x1c ./FATFS/Target/user_diskio.o
                0x08002ddc                USER_initialize
 .text.USER_status
                0x08002df8       0x1c ./FATFS/Target/user_diskio.o
                0x08002df8                USER_status
 .text.USER_read
                0x08002e14       0x26 ./FATFS/Target/user_diskio.o
                0x08002e14                USER_read
 .text.USER_write
                0x08002e3a       0x26 ./FATFS/Target/user_diskio.o
                0x08002e3a                USER_write
 .text.USER_ioctl
                0x08002e60       0x26 ./FATFS/Target/user_diskio.o
                0x08002e60                USER_ioctl
 *fill*         0x08002e86        0x2 
 .text.SPI_Timer_On
                0x08002e88       0x28 ./FATFS/Target/user_diskio_spi.o
                0x08002e88                SPI_Timer_On
 .text.SPI_Timer_Status
                0x08002eb0       0x2c ./FATFS/Target/user_diskio_spi.o
                0x08002eb0                SPI_Timer_Status
 .text.xchg_spi
                0x08002edc       0x2c ./FATFS/Target/user_diskio_spi.o
 .text.rcvr_spi_multi
                0x08002f08       0x38 ./FATFS/Target/user_diskio_spi.o
 .text.xmit_spi_multi
                0x08002f40       0x28 ./FATFS/Target/user_diskio_spi.o
 .text.wait_ready
                0x08002f68       0x46 ./FATFS/Target/user_diskio_spi.o
 *fill*         0x08002fae        0x2 
 .text.despiselect
                0x08002fb0       0x1c ./FATFS/Target/user_diskio_spi.o
 .text.spiselect
                0x08002fcc       0x34 ./FATFS/Target/user_diskio_spi.o
 .text.rcvr_datablock
                0x08003000       0x52 ./FATFS/Target/user_diskio_spi.o
 .text.xmit_datablock
                0x08003052       0x64 ./FATFS/Target/user_diskio_spi.o
 .text.send_cmd
                0x080030b6       0xde ./FATFS/Target/user_diskio_spi.o
 .text.USER_SPI_initialize
                0x08003194      0x1d8 ./FATFS/Target/user_diskio_spi.o
                0x08003194                USER_SPI_initialize
 .text.USER_SPI_status
                0x0800336c       0x2c ./FATFS/Target/user_diskio_spi.o
                0x0800336c                USER_SPI_status
 .text.USER_SPI_read
                0x08003398       0xcc ./FATFS/Target/user_diskio_spi.o
                0x08003398                USER_SPI_read
 .text.USER_SPI_write
                0x08003464       0xf8 ./FATFS/Target/user_diskio_spi.o
                0x08003464                USER_SPI_write
 .text.USER_SPI_ioctl
                0x0800355c      0x2e0 ./FATFS/Target/user_diskio_spi.o
                0x0800355c                USER_SPI_ioctl
 .text.disk_status
                0x0800383c       0x34 ./Middlewares/Third_Party/FatFs/src/diskio.o
                0x0800383c                disk_status
 .text.disk_initialize
                0x08003870       0x50 ./Middlewares/Third_Party/FatFs/src/diskio.o
                0x08003870                disk_initialize
 .text.disk_read
                0x080038c0       0x40 ./Middlewares/Third_Party/FatFs/src/diskio.o
                0x080038c0                disk_read
 .text.disk_write
                0x08003900       0x40 ./Middlewares/Third_Party/FatFs/src/diskio.o
                0x08003900                disk_write
 .text.disk_ioctl
                0x08003940       0x3c ./Middlewares/Third_Party/FatFs/src/diskio.o
                0x08003940                disk_ioctl
 .text.ld_word  0x0800397c       0x30 ./Middlewares/Third_Party/FatFs/src/ff.o
 .text.ld_dword
                0x080039ac       0x46 ./Middlewares/Third_Party/FatFs/src/ff.o
 .text.st_word  0x080039f2       0x36 ./Middlewares/Third_Party/FatFs/src/ff.o
 .text.st_dword
                0x08003a28       0x58 ./Middlewares/Third_Party/FatFs/src/ff.o
 .text.mem_cpy  0x08003a80       0x42 ./Middlewares/Third_Party/FatFs/src/ff.o
 .text.mem_set  0x08003ac2       0x36 ./Middlewares/Third_Party/FatFs/src/ff.o
 .text.mem_cmp  0x08003af8       0x4e ./Middlewares/Third_Party/FatFs/src/ff.o
 .text.chk_chr  0x08003b46       0x36 ./Middlewares/Third_Party/FatFs/src/ff.o
 .text.chk_lock
                0x08003b7c       0xb8 ./Middlewares/Third_Party/FatFs/src/ff.o
 .text.enq_lock
                0x08003c34       0x44 ./Middlewares/Third_Party/FatFs/src/ff.o
 .text.inc_lock
                0x08003c78      0x11c ./Middlewares/Third_Party/FatFs/src/ff.o
 .text.dec_lock
                0x08003d94       0x78 ./Middlewares/Third_Party/FatFs/src/ff.o
 .text.clear_lock
                0x08003e0c       0x48 ./Middlewares/Third_Party/FatFs/src/ff.o
 .text.sync_window
                0x08003e54       0x88 ./Middlewares/Third_Party/FatFs/src/ff.o
 .text.move_window
                0x08003edc       0x5a ./Middlewares/Third_Party/FatFs/src/ff.o
 *fill*         0x08003f36        0x2 
 .text.sync_fs  0x08003f38       0xdc ./Middlewares/Third_Party/FatFs/src/ff.o
 .text.clust2sect
                0x08004014       0x3e ./Middlewares/Third_Party/FatFs/src/ff.o
 .text.get_fat  0x08004052      0x14e ./Middlewares/Third_Party/FatFs/src/ff.o
 .text.put_fat  0x080041a0      0x1d4 ./Middlewares/Third_Party/FatFs/src/ff.o
 .text.remove_chain
                0x08004374       0xca ./Middlewares/Third_Party/FatFs/src/ff.o
 .text.create_chain
                0x0800443e      0x130 ./Middlewares/Third_Party/FatFs/src/ff.o
 .text.clmt_clust
                0x0800456e       0x68 ./Middlewares/Third_Party/FatFs/src/ff.o
 .text.dir_sdi  0x080045d6       0xf6 ./Middlewares/Third_Party/FatFs/src/ff.o
 .text.dir_next
                0x080046cc      0x18a ./Middlewares/Third_Party/FatFs/src/ff.o
 .text.dir_alloc
                0x08004856       0x8e ./Middlewares/Third_Party/FatFs/src/ff.o
 .text.ld_clust
                0x080048e4       0x3e ./Middlewares/Third_Party/FatFs/src/ff.o
 .text.st_clust
                0x08004922       0x40 ./Middlewares/Third_Party/FatFs/src/ff.o
 .text.dir_find
                0x08004962       0xaa ./Middlewares/Third_Party/FatFs/src/ff.o
 .text.dir_register
                0x08004a0c       0x64 ./Middlewares/Third_Party/FatFs/src/ff.o
 .text.create_name
                0x08004a70      0x128 ./Middlewares/Third_Party/FatFs/src/ff.o
 .text.follow_path
                0x08004b98       0xe2 ./Middlewares/Third_Party/FatFs/src/ff.o
 .text.get_ldnumber
                0x08004c7a       0x88 ./Middlewares/Third_Party/FatFs/src/ff.o
 *fill*         0x08004d02        0x2 
 .text.check_fs
                0x08004d04       0xac ./Middlewares/Third_Party/FatFs/src/ff.o
 .text.find_volume
                0x08004db0      0x498 ./Middlewares/Third_Party/FatFs/src/ff.o
 .text.validate
                0x08005248       0x6a ./Middlewares/Third_Party/FatFs/src/ff.o
 *fill*         0x080052b2        0x2 
 .text.f_mount  0x080052b4       0x8c ./Middlewares/Third_Party/FatFs/src/ff.o
                0x080052b4                f_mount
 .text.f_open   0x08005340      0x374 ./Middlewares/Third_Party/FatFs/src/ff.o
                0x08005340                f_open
 .text.f_read   0x080056b4      0x27e ./Middlewares/Third_Party/FatFs/src/ff.o
                0x080056b4                f_read
 .text.f_write  0x08005932      0x2ea ./Middlewares/Third_Party/FatFs/src/ff.o
                0x08005932                f_write
 .text.f_sync   0x08005c1c       0xfc ./Middlewares/Third_Party/FatFs/src/ff.o
                0x08005c1c                f_sync
 .text.f_close  0x08005d18       0x54 ./Middlewares/Third_Party/FatFs/src/ff.o
                0x08005d18                f_close
 .text.f_gets   0x08005d6c       0x7c ./Middlewares/Third_Party/FatFs/src/ff.o
                0x08005d6c                f_gets
 .text.FATFS_LinkDriverEx
                0x08005de8       0x98 ./Middlewares/Third_Party/FatFs/src/ff_gen_drv.o
                0x08005de8                FATFS_LinkDriverEx
 .text.FATFS_LinkDriver
                0x08005e80       0x1e ./Middlewares/Third_Party/FatFs/src/ff_gen_drv.o
                0x08005e80                FATFS_LinkDriver
 *fill*         0x08005e9e        0x2 
 .text.std      0x08005ea0       0x6c /opt/st/stm32cubeide_1.17.0/plugins/com.st.stm32cube.ide.mcu.externaltools.gnu-tools-for-stm32.12.3.rel1.linux64_1.1.0.202410170702/tools/bin/../lib/gcc/arm-none-eabi/12.3.1/../../../../arm-none-eabi/lib/thumb/v7e-m+fp/hard/libc_nano.a(libc_a-findfp.o)
 .text.stdio_exit_handler
                0x08005f0c       0x18 /opt/st/stm32cubeide_1.17.0/plugins/com.st.stm32cube.ide.mcu.externaltools.gnu-tools-for-stm32.12.3.rel1.linux64_1.1.0.202410170702/tools/bin/../lib/gcc/arm-none-eabi/12.3.1/../../../../arm-none-eabi/lib/thumb/v7e-m+fp/hard/libc_nano.a(libc_a-findfp.o)
 .text.cleanup_stdio
                0x08005f24       0x40 /opt/st/stm32cubeide_1.17.0/plugins/com.st.stm32cube.ide.mcu.externaltools.gnu-tools-for-stm32.12.3.rel1.linux64_1.1.0.202410170702/tools/bin/../lib/gcc/arm-none-eabi/12.3.1/../../../../arm-none-eabi/lib/thumb/v7e-m+fp/hard/libc_nano.a(libc_a-findfp.o)
 .text.global_stdio_init.part.0
                0x08005f64       0x3c /opt/st/stm32cubeide_1.17.0/plugins/com.st.stm32cube.ide.mcu.externaltools.gnu-tools-for-stm32.12.3.rel1.linux64_1.1.0.202410170702/tools/bin/../lib/gcc/arm-none-eabi/12.3.1/../../../../arm-none-eabi/lib/thumb/v7e-m+fp/hard/libc_nano.a(libc_a-findfp.o)
 .text.__sfp_lock_acquire
                0x08005fa0        0xc /opt/st/stm32cubeide_1.17.0/plugins/com.st.stm32cube.ide.mcu.externaltools.gnu-tools-for-stm32.12.3.rel1.linux64_1.1.0.202410170702/tools/bin/../lib/gcc/arm-none-eabi/12.3.1/../../../../arm-none-eabi/lib/thumb/v7e-m+fp/hard/libc_nano.a(libc_a-findfp.o)
                0x08005fa0                __sfp_lock_acquire
 .text.__sfp_lock_release
                0x08005fac        0xc /opt/st/stm32cubeide_1.17.0/plugins/com.st.stm32cube.ide.mcu.externaltools.gnu-tools-for-stm32.12.3.rel1.linux64_1.1.0.202410170702/tools/bin/../lib/gcc/arm-none-eabi/12.3.1/../../../../arm-none-eabi/lib/thumb/v7e-m+fp/hard/libc_nano.a(libc_a-findfp.o)
                0x08005fac                __sfp_lock_release
 .text.__sinit  0x08005fb8       0x30 /opt/st/stm32cubeide_1.17.0/plugins/com.st.stm32cube.ide.mcu.externaltools.gnu-tools-for-stm32.12.3.rel1.linux64_1.1.0.202410170702/tools/bin/../lib/gcc/arm-none-eabi/12.3.1/../../../../arm-none-eabi/lib/thumb/v7e-m+fp/hard/libc_nano.a(libc_a-findfp.o)
                0x08005fb8                __sinit
 .text._fwalk_sglue
                0x08005fe8       0x3c /opt/st/stm32cubeide_1.17.0/plugins/com.st.stm32cube.ide.mcu.externaltools.gnu-tools-for-stm32.12.3.rel1.linux64_1.1.0.202410170702/tools/bin/../lib/gcc/arm-none-eabi/12.3.1/../../../../arm-none-eabi/lib/thumb/v7e-m+fp/hard/libc_nano.a(libc_a-fwalk.o)
                0x08005fe8                _fwalk_sglue
 .text.printf   0x08006024       0x24 /opt/st/stm32cubeide_1.17.0/plugins/com.st.stm32cube.ide.mcu.externaltools.gnu-tools-for-stm32.12.3.rel1.linux64_1.1.0.202410170702/tools/bin/../lib/gcc/arm-none-eabi/12.3.1/../../../../arm-none-eabi/lib/thumb/v7e-m+fp/hard/libc_nano.a(libc_a-printf.o)
                0x08006024                printf
                0x08006024                iprintf
 .text._puts_r  0x08006048       0xaa /opt/st/stm32cubeide_1.17.0/plugins/com.st.stm32cube.ide.mcu.externaltools.gnu-tools-for-stm32.12.3.rel1.linux64_1.1.0.202410170702/tools/bin/../lib/gcc/arm-none-eabi/12.3.1/../../../../arm-none-eabi/lib/thumb/v7e-m+fp/hard/libc_nano.a(libc_a-puts.o)
                0x08006048                _puts_r
 *fill*         0x080060f2        0x2 
 .text.puts     0x080060f4       0x10 /opt/st/stm32cubeide_1.17.0/plugins/com.st.stm32cube.ide.mcu.externaltools.gnu-tools-for-stm32.12.3.rel1.linux64_1.1.0.202410170702/tools/bin/../lib/gcc/arm-none-eabi/12.3.1/../../../../arm-none-eabi/lib/thumb/v7e-m+fp/hard/libc_nano.a(libc_a-puts.o)
                0x080060f4                puts
 .text.__sread  0x08006104       0x22 /opt/st/stm32cubeide_1.17.0/plugins/com.st.stm32cube.ide.mcu.externaltools.gnu-tools-for-stm32.12.3.rel1.linux64_1.1.0.202410170702/tools/bin/../lib/gcc/arm-none-eabi/12.3.1/../../../../arm-none-eabi/lib/thumb/v7e-m+fp/hard/libc_nano.a(libc_a-stdio.o)
                0x08006104                __sread
 .text.__swrite
                0x08006126       0x38 /opt/st/stm32cubeide_1.17.0/plugins/com.st.stm32cube.ide.mcu.externaltools.gnu-tools-for-stm32.12.3.rel1.linux64_1.1.0.202410170702/tools/bin/../lib/gcc/arm-none-eabi/12.3.1/../../../../arm-none-eabi/lib/thumb/v7e-m+fp/hard/libc_nano.a(libc_a-stdio.o)
                0x08006126                __swrite
 .text.__sseek  0x0800615e       0x24 /opt/st/stm32cubeide_1.17.0/plugins/com.st.stm32cube.ide.mcu.externaltools.gnu-tools-for-stm32.12.3.rel1.linux64_1.1.0.202410170702/tools/bin/../lib/gcc/arm-none-eabi/12.3.1/../../../../arm-none-eabi/lib/thumb/v7e-m+fp/hard/libc_nano.a(libc_a-stdio.o)
                0x0800615e                __sseek
 .text.__sclose
                0x08006182        0x8 /opt/st/stm32cubeide_1.17.0/plugins/com.st.stm32cube.ide.mcu.externaltools.gnu-tools-for-stm32.12.3.rel1.linux64_1.1.0.202410170702/tools/bin/../lib/gcc/arm-none-eabi/12.3.1/../../../../arm-none-eabi/lib/thumb/v7e-m+fp/hard/libc_nano.a(libc_a-stdio.o)
                0x08006182                __sclose
 .text.__swbuf_r
                0x0800618a       0x7c /opt/st/stm32cubeide_1.17.0/plugins/com.st.stm32cube.ide.mcu.externaltools.gnu-tools-for-stm32.12.3.rel1.linux64_1.1.0.202410170702/tools/bin/../lib/gcc/arm-none-eabi/12.3.1/../../../../arm-none-eabi/lib/thumb/v7e-m+fp/hard/libc_nano.a(libc_a-wbuf.o)
                0x0800618a                __swbuf_r
 *fill*         0x08006206        0x2 
 .text.__swsetup_r
                0x08006208       0xac /opt/st/stm32cubeide_1.17.0/plugins/com.st.stm32cube.ide.mcu.externaltools.gnu-tools-for-stm32.12.3.rel1.linux64_1.1.0.202410170702/tools/bin/../lib/gcc/arm-none-eabi/12.3.1/../../../../arm-none-eabi/lib/thumb/v7e-m+fp/hard/libc_nano.a(libc_a-wsetup.o)
                0x08006208                __swsetup_r
 .text.memset   0x080062b4       0x10 /opt/st/stm32cubeide_1.17.0/plugins/com.st.stm32cube.ide.mcu.externaltools.gnu-tools-for-stm32.12.3.rel1.linux64_1.1.0.202410170702/tools/bin/../lib/gcc/arm-none-eabi/12.3.1/../../../../arm-none-eabi/lib/thumb/v7e-m+fp/hard/libc_nano.a(libc_a-memset.o)
                0x080062b4                memset
 .text._close_r
                0x080062c4       0x20 /opt/st/stm32cubeide_1.17.0/plugins/com.st.stm32cube.ide.mcu.externaltools.gnu-tools-for-stm32.12.3.rel1.linux64_1.1.0.202410170702/tools/bin/../lib/gcc/arm-none-eabi/12.3.1/../../../../arm-none-eabi/lib/thumb/v7e-m+fp/hard/libc_nano.a(libc_a-closer.o)
                0x080062c4                _close_r
 .text._lseek_r
                0x080062e4       0x24 /opt/st/stm32cubeide_1.17.0/plugins/com.st.stm32cube.ide.mcu.externaltools.gnu-tools-for-stm32.12.3.rel1.linux64_1.1.0.202410170702/tools/bin/../lib/gcc/arm-none-eabi/12.3.1/../../../../arm-none-eabi/lib/thumb/v7e-m+fp/hard/libc_nano.a(libc_a-lseekr.o)
                0x080062e4                _lseek_r
 .text._read_r  0x08006308       0x24 /opt/st/stm32cubeide_1.17.0/plugins/com.st.stm32cube.ide.mcu.externaltools.gnu-tools-for-stm32.12.3.rel1.linux64_1.1.0.202410170702/tools/bin/../lib/gcc/arm-none-eabi/12.3.1/../../../../arm-none-eabi/lib/thumb/v7e-m+fp/hard/libc_nano.a(libc_a-readr.o)
                0x08006308                _read_r
 .text._write_r
                0x0800632c       0x24 /opt/st/stm32cubeide_1.17.0/plugins/com.st.stm32cube.ide.mcu.externaltools.gnu-tools-for-stm32.12.3.rel1.linux64_1.1.0.202410170702/tools/bin/../lib/gcc/arm-none-eabi/12.3.1/../../../../arm-none-eabi/lib/thumb/v7e-m+fp/hard/libc_nano.a(libc_a-writer.o)
                0x0800632c                _write_r
 .text.__errno  0x08006350        0xc /opt/st/stm32cubeide_1.17.0/plugins/com.st.stm32cube.ide.mcu.externaltools.gnu-tools-for-stm32.12.3.rel1.linux64_1.1.0.202410170702/tools/bin/../lib/gcc/arm-none-eabi/12.3.1/../../../../arm-none-eabi/lib/thumb/v7e-m+fp/hard/libc_nano.a(libc_a-errno.o)
                0x08006350                __errno
 .text.__libc_init_array
                0x0800635c       0x48 /opt/st/stm32cubeide_1.17.0/plugins/com.st.stm32cube.ide.mcu.externaltools.gnu-tools-for-stm32.12.3.rel1.linux64_1.1.0.202410170702/tools/bin/../lib/gcc/arm-none-eabi/12.3.1/../../../../arm-none-eabi/lib/thumb/v7e-m+fp/hard/libc_nano.a(libc_a-init.o)
                0x0800635c                __libc_init_array
 .text.__retarget_lock_init_recursive
                0x080063a4        0x2 /opt/st/stm32cubeide_1.17.0/plugins/com.st.stm32cube.ide.mcu.externaltools.gnu-tools-for-stm32.12.3.rel1.linux64_1.1.0.202410170702/tools/bin/../lib/gcc/arm-none-eabi/12.3.1/../../../../arm-none-eabi/lib/thumb/v7e-m+fp/hard/libc_nano.a(libc_a-lock.o)
                0x080063a4                __retarget_lock_init_recursive
 .text.__retarget_lock_acquire_recursive
                0x080063a6        0x2 /opt/st/stm32cubeide_1.17.0/plugins/com.st.stm32cube.ide.mcu.externaltools.gnu-tools-for-stm32.12.3.rel1.linux64_1.1.0.202410170702/tools/bin/../lib/gcc/arm-none-eabi/12.3.1/../../../../arm-none-eabi/lib/thumb/v7e-m+fp/hard/libc_nano.a(libc_a-lock.o)
                0x080063a6                __retarget_lock_acquire_recursive
 .text.__retarget_lock_release_recursive
                0x080063a8        0x2 /opt/st/stm32cubeide_1.17.0/plugins/com.st.stm32cube.ide.mcu.externaltools.gnu-tools-for-stm32.12.3.rel1.linux64_1.1.0.202410170702/tools/bin/../lib/gcc/arm-none-eabi/12.3.1/../../../../arm-none-eabi/lib/thumb/v7e-m+fp/hard/libc_nano.a(libc_a-lock.o)
                0x080063a8                __retarget_lock_release_recursive
 *fill*         0x080063aa        0x2 
 .text._free_r  0x080063ac       0x94 /opt/st/stm32cubeide_1.17.0/plugins/com.st.stm32cube.ide.mcu.externaltools.gnu-tools-for-stm32.12.3.rel1.linux64_1.1.0.202410170702/tools/bin/../lib/gcc/arm-none-eabi/12.3.1/../../../../arm-none-eabi/lib/thumb/v7e-m+fp/hard/libc_nano.a(libc_a-freer.o)
                0x080063ac                _free_r
 .text.sbrk_aligned
                0x08006440       0x44 /opt/st/stm32cubeide_1.17.0/plugins/com.st.stm32cube.ide.mcu.externaltools.gnu-tools-for-stm32.12.3.rel1.linux64_1.1.0.202410170702/tools/bin/../lib/gcc/arm-none-eabi/12.3.1/../../../../arm-none-eabi/lib/thumb/v7e-m+fp/hard/libc_nano.a(libc_a-mallocr.o)
 .text._malloc_r
                0x08006484      0x100 /opt/st/stm32cubeide_1.17.0/plugins/com.st.stm32cube.ide.mcu.externaltools.gnu-tools-for-stm32.12.3.rel1.linux64_1.1.0.202410170702/tools/bin/../lib/gcc/arm-none-eabi/12.3.1/../../../../arm-none-eabi/lib/thumb/v7e-m+fp/hard/libc_nano.a(libc_a-mallocr.o)
                0x08006484                _malloc_r
 .text.__malloc_lock
                0x08006584        0xc /opt/st/stm32cubeide_1.17.0/plugins/com.st.stm32cube.ide.mcu.externaltools.gnu-tools-for-stm32.12.3.rel1.linux64_1.1.0.202410170702/tools/bin/../lib/gcc/arm-none-eabi/12.3.1/../../../../arm-none-eabi/lib/thumb/v7e-m+fp/hard/libc_nano.a(libc_a-mlock.o)
                0x08006584                __malloc_lock
 .text.__malloc_unlock
                0x08006590        0xc /opt/st/stm32cubeide_1.17.0/plugins/com.st.stm32cube.ide.mcu.externaltools.gnu-tools-for-stm32.12.3.rel1.linux64_1.1.0.202410170702/tools/bin/../lib/gcc/arm-none-eabi/12.3.1/../../../../arm-none-eabi/lib/thumb/v7e-m+fp/hard/libc_nano.a(libc_a-mlock.o)
                0x08006590                __malloc_unlock
 .text.__sfputc_r
                0x0800659c       0x2e /opt/st/stm32cubeide_1.17.0/plugins/com.st.stm32cube.ide.mcu.externaltools.gnu-tools-for-stm32.12.3.rel1.linux64_1.1.0.202410170702/tools/bin/../lib/gcc/arm-none-eabi/12.3.1/../../../../arm-none-eabi/lib/thumb/v7e-m+fp/hard/libc_nano.a(libc_a-nano-vfprintf.o)
 .text.__sfputs_r
                0x080065ca       0x24 /opt/st/stm32cubeide_1.17.0/plugins/com.st.stm32cube.ide.mcu.externaltools.gnu-tools-for-stm32.12.3.rel1.linux64_1.1.0.202410170702/tools/bin/../lib/gcc/arm-none-eabi/12.3.1/../../../../arm-none-eabi/lib/thumb/v7e-m+fp/hard/libc_nano.a(libc_a-nano-vfprintf.o)
                0x080065ca                __sfputs_r
 *fill*         0x080065ee        0x2 
 .text._vfprintf_r
                0x080065f0      0x230 /opt/st/stm32cubeide_1.17.0/plugins/com.st.stm32cube.ide.mcu.externaltools.gnu-tools-for-stm32.12.3.rel1.linux64_1.1.0.202410170702/tools/bin/../lib/gcc/arm-none-eabi/12.3.1/../../../../arm-none-eabi/lib/thumb/v7e-m+fp/hard/libc_nano.a(libc_a-nano-vfprintf.o)
                0x080065f0                _vfiprintf_r
                0x080065f0                _vfprintf_r
 .text._printf_common
                0x08006820       0xda /opt/st/stm32cubeide_1.17.0/plugins/com.st.stm32cube.ide.mcu.externaltools.gnu-tools-for-stm32.12.3.rel1.linux64_1.1.0.202410170702/tools/bin/../lib/gcc/arm-none-eabi/12.3.1/../../../../arm-none-eabi/lib/thumb/v7e-m+fp/hard/libc_nano.a(libc_a-nano-vfprintf_i.o)
                0x08006820                _printf_common
 *fill*         0x080068fa        0x2 
 .text._printf_i
                0x080068fc      0x240 /opt/st/stm32cubeide_1.17.0/plugins/com.st.stm32cube.ide.mcu.externaltools.gnu-tools-for-stm32.12.3.rel1.linux64_1.1.0.202410170702/tools/bin/../lib/gcc/arm-none-eabi/12.3.1/../../../../arm-none-eabi/lib/thumb/v7e-m+fp/hard/libc_nano.a(libc_a-nano-vfprintf_i.o)
                0x080068fc                _printf_i
 .text.__sflush_r
                0x08006b3c      0x108 /opt/st/stm32cubeide_1.17.0/plugins/com.st.stm32cube.ide.mcu.externaltools.gnu-tools-for-stm32.12.3.rel1.linux64_1.1.0.202410170702/tools/bin/../lib/gcc/arm-none-eabi/12.3.1/../../../../arm-none-eabi/lib/thumb/v7e-m+fp/hard/libc_nano.a(libc_a-fflush.o)
                0x08006b3c                __sflush_r
 .text._fflush_r
                0x08006c44       0x50 /opt/st/stm32cubeide_1.17.0/plugins/com.st.stm32cube.ide.mcu.externaltools.gnu-tools-for-stm32.12.3.rel1.linux64_1.1.0.202410170702/tools/bin/../lib/gcc/arm-none-eabi/12.3.1/../../../../arm-none-eabi/lib/thumb/v7e-m+fp/hard/libc_nano.a(libc_a-fflush.o)
                0x08006c44                _fflush_r
 .text.__swhatbuf_r
                0x08006c94       0x4c /opt/st/stm32cubeide_1.17.0/plugins/com.st.stm32cube.ide.mcu.externaltools.gnu-tools-for-stm32.12.3.rel1.linux64_1.1.0.202410170702/tools/bin/../lib/gcc/arm-none-eabi/12.3.1/../../../../arm-none-eabi/lib/thumb/v7e-m+fp/hard/libc_nano.a(libc_a-makebuf.o)
                0x08006c94                __swhatbuf_r
 .text.__smakebuf_r
                0x08006ce0       0x78 /opt/st/stm32cubeide_1.17.0/plugins/com.st.stm32cube.ide.mcu.externaltools.gnu-tools-for-stm32.12.3.rel1.linux64_1.1.0.202410170702/tools/bin/../lib/gcc/arm-none-eabi/12.3.1/../../../../arm-none-eabi/lib/thumb/v7e-m+fp/hard/libc_nano.a(libc_a-makebuf.o)
                0x08006ce0                __smakebuf_r
 .text._fstat_r
                0x08006d58       0x24 /opt/st/stm32cubeide_1.17.0/plugins/com.st.stm32cube.ide.mcu.externaltools.gnu-tools-for-stm32.12.3.rel1.linux64_1.1.0.202410170702/tools/bin/../lib/gcc/arm-none-eabi/12.3.1/../../../../arm-none-eabi/lib/thumb/v7e-m+fp/hard/libc_nano.a(libc_a-fstatr.o)
                0x08006d58                _fstat_r
 .text._isatty_r
                0x08006d7c       0x20 /opt/st/stm32cubeide_1.17.0/plugins/com.st.stm32cube.ide.mcu.externaltools.gnu-tools-for-stm32.12.3.rel1.linux64_1.1.0.202410170702/tools/bin/../lib/gcc/arm-none-eabi/12.3.1/../../../../arm-none-eabi/lib/thumb/v7e-m+fp/hard/libc_nano.a(libc_a-isattyr.o)
                0x08006d7c                _isatty_r
 .text._sbrk_r  0x08006d9c       0x20 /opt/st/stm32cubeide_1.17.0/plugins/com.st.stm32cube.ide.mcu.externaltools.gnu-tools-for-stm32.12.3.rel1.linux64_1.1.0.202410170702/tools/bin/../lib/gcc/arm-none-eabi/12.3.1/../../../../arm-none-eabi/lib/thumb/v7e-m+fp/hard/libc_nano.a(libc_a-sbrkr.o)
                0x08006d9c                _sbrk_r
 *(.glue_7)
 .glue_7        0x08006dbc        0x0 linker stubs
 *(.glue_7t)
 .glue_7t       0x08006dbc        0x0 linker stubs
 *(.eh_frame)
 .eh_frame      0x08006dbc        0x0 /opt/st/stm32cubeide_1.17.0/plugins/com.st.stm32cube.ide.mcu.externaltools.gnu-tools-for-stm32.12.3.rel1.linux64_1.1.0.202410170702/tools/bin/../lib/gcc/arm-none-eabi/12.3.1/thumb/v7e-m+fp/hard/crtbegin.o
 *(.init)
 .init          0x08006dbc        0x4 /opt/st/stm32cubeide_1.17.0/plugins/com.st.stm32cube.ide.mcu.externaltools.gnu-tools-for-stm32.12.3.rel1.linux64_1.1.0.202410170702/tools/bin/../lib/gcc/arm-none-eabi/12.3.1/thumb/v7e-m+fp/hard/crti.o
                0x08006dbc                _init
 .init          0x08006dc0        0x8 /opt/st/stm32cubeide_1.17.0/plugins/com.st.stm32cube.ide.mcu.externaltools.gnu-tools-for-stm32.12.3.rel1.linux64_1.1.0.202410170702/tools/bin/../lib/gcc/arm-none-eabi/12.3.1/thumb/v7e-m+fp/hard/crtn.o
 *(.fini)
 .fini          0x08006dc8        0x4 /opt/st/stm32cubeide_1.17.0/plugins/com.st.stm32cube.ide.mcu.externaltools.gnu-tools-for-stm32.12.3.rel1.linux64_1.1.0.202410170702/tools/bin/../lib/gcc/arm-none-eabi/12.3.1/thumb/v7e-m+fp/hard/crti.o
                0x08006dc8                _fini
 .fini          0x08006dcc        0x8 /opt/st/stm32cubeide_1.17.0/plugins/com.st.stm32cube.ide.mcu.externaltools.gnu-tools-for-stm32.12.3.rel1.linux64_1.1.0.202410170702/tools/bin/../lib/gcc/arm-none-eabi/12.3.1/thumb/v7e-m+fp/hard/crtn.o
                0x08006dd4                        . = ALIGN (0x4)
                0x08006dd4                        _etext = .

.vfp11_veneer   0x08006dd4        0x0
 .vfp11_veneer  0x08006dd4        0x0 linker stubs

.v4_bx          0x08006dd4        0x0
 .v4_bx         0x08006dd4        0x0 linker stubs

.iplt           0x08006dd4        0x0
 .iplt          0x08006dd4        0x0 /opt/st/stm32cubeide_1.17.0/plugins/com.st.stm32cube.ide.mcu.externaltools.gnu-tools-for-stm32.12.3.rel1.linux64_1.1.0.202410170702/tools/bin/../lib/gcc/arm-none-eabi/12.3.1/thumb/v7e-m+fp/hard/crtbegin.o

.rodata         0x08006dd4      0x2f4
                0x08006dd4                        . = ALIGN (0x4)
 *(.rodata)
 .rodata        0x08006dd4       0x3e ./Core/Src/main.o
 *fill*         0x08006e12        0x2 
 .rodata        0x08006e14      0x1a4 ./Core/Src/sd.o
 .rodata        0x08006fb8       0x44 ./Middlewares/Third_Party/FatFs/src/ff.o
 *(.rodata*)
 .rodata.AHBPrescTable
                0x08006ffc       0x10 ./Core/Src/system_stm32f4xx.o
                0x08006ffc                AHBPrescTable
 .rodata.APBPrescTable
                0x0800700c        0x8 ./Core/Src/system_stm32f4xx.o
                0x0800700c                APBPrescTable
 .rodata.ExCvt  0x08007014       0x80 ./Middlewares/Third_Party/FatFs/src/ff.o
 .rodata._vfprintf_r.str1.1
                0x08007094       0x11 /opt/st/stm32cubeide_1.17.0/plugins/com.st.stm32cube.ide.mcu.externaltools.gnu-tools-for-stm32.12.3.rel1.linux64_1.1.0.202410170702/tools/bin/../lib/gcc/arm-none-eabi/12.3.1/../../../../arm-none-eabi/lib/thumb/v7e-m+fp/hard/libc_nano.a(libc_a-nano-vfprintf.o)
 .rodata._printf_i.str1.1
                0x080070a5       0x22 /opt/st/stm32cubeide_1.17.0/plugins/com.st.stm32cube.ide.mcu.externaltools.gnu-tools-for-stm32.12.3.rel1.linux64_1.1.0.202410170702/tools/bin/../lib/gcc/arm-none-eabi/12.3.1/../../../../arm-none-eabi/lib/thumb/v7e-m+fp/hard/libc_nano.a(libc_a-nano-vfprintf_i.o)
                0x080070c8                        . = ALIGN (0x4)
 *fill*         0x080070c7        0x1 

.ARM.extab      0x080070c8        0x0
                0x080070c8                        . = ALIGN (0x4)
 *(.ARM.extab* .gnu.linkonce.armextab.*)
                0x080070c8                        . = ALIGN (0x4)

.ARM            0x080070c8        0x8
                0x080070c8                        . = ALIGN (0x4)
                0x080070c8                        __exidx_start = .
 *(.ARM.exidx*)
 .ARM.exidx     0x080070c8        0x8 /opt/st/stm32cubeide_1.17.0/plugins/com.st.stm32cube.ide.mcu.externaltools.gnu-tools-for-stm32.12.3.rel1.linux64_1.1.0.202410170702/tools/bin/../lib/gcc/arm-none-eabi/12.3.1/../../../../arm-none-eabi/lib/thumb/v7e-m+fp/hard/libc_nano.a(libc_a-strlen.o)
 .ARM.exidx     0x080070d0        0x0 /opt/st/stm32cubeide_1.17.0/plugins/com.st.stm32cube.ide.mcu.externaltools.gnu-tools-for-stm32.12.3.rel1.linux64_1.1.0.202410170702/tools/bin/../lib/gcc/arm-none-eabi/12.3.1/../../../../arm-none-eabi/lib/thumb/v7e-m+fp/hard/libc_nano.a(libc_a-memchr.o)
                                  0x8 (size before relaxing)
 .ARM.exidx     0x080070d0        0x0 /opt/st/stm32cubeide_1.17.0/plugins/com.st.stm32cube.ide.mcu.externaltools.gnu-tools-for-stm32.12.3.rel1.linux64_1.1.0.202410170702/tools/bin/../lib/gcc/arm-none-eabi/12.3.1/thumb/v7e-m+fp/hard/libgcc.a(_udivmoddi4.o)
                                  0x8 (size before relaxing)
                0x080070d0                        __exidx_end = .
                0x080070d0                        . = ALIGN (0x4)

.preinit_array  0x080070d0        0x0
                0x080070d0                        . = ALIGN (0x4)
                0x080070d0                        PROVIDE (__preinit_array_start = .)
 *(.preinit_array*)
                0x080070d0                        PROVIDE (__preinit_array_end = .)
                0x080070d0                        . = ALIGN (0x4)

.init_array     0x080070d0        0x4
                0x080070d0                        . = ALIGN (0x4)
                0x080070d0                        PROVIDE (__init_array_start = .)
 *(SORT_BY_NAME(.init_array.*))
 *(.init_array*)
 .init_array    0x080070d0        0x4 /opt/st/stm32cubeide_1.17.0/plugins/com.st.stm32cube.ide.mcu.externaltools.gnu-tools-for-stm32.12.3.rel1.linux64_1.1.0.202410170702/tools/bin/../lib/gcc/arm-none-eabi/12.3.1/thumb/v7e-m+fp/hard/crtbegin.o
                0x080070d4                        PROVIDE (__init_array_end = .)
                0x080070d4                        . = ALIGN (0x4)

.fini_array     0x080070d4        0x4
                0x080070d4                        . = ALIGN (0x4)
                [!provide]                        PROVIDE (__fini_array_start = .)
 *(SORT_BY_NAME(.fini_array.*))
 *(.fini_array*)
 .fini_array    0x080070d4        0x4 /opt/st/stm32cubeide_1.17.0/plugins/com.st.stm32cube.ide.mcu.externaltools.gnu-tools-for-stm32.12.3.rel1.linux64_1.1.0.202410170702/tools/bin/../lib/gcc/arm-none-eabi/12.3.1/thumb/v7e-m+fp/hard/crtbegin.o
                [!provide]                        PROVIDE (__fini_array_end = .)
                0x080070d8                        . = ALIGN (0x4)
                0x080070d8                        _sidata = LOADADDR (.data)

.rel.dyn        0x080070d8        0x0
 .rel.iplt      0x080070d8        0x0 /opt/st/stm32cubeide_1.17.0/plugins/com.st.stm32cube.ide.mcu.externaltools.gnu-tools-for-stm32.12.3.rel1.linux64_1.1.0.202410170702/tools/bin/../lib/gcc/arm-none-eabi/12.3.1/thumb/v7e-m+fp/hard/crtbegin.o

.data           0x20000000       0x80 load address 0x080070d8
                0x20000000                        . = ALIGN (0x4)
                0x20000000                        _sdata = .
 *(.data)
 *(.data*)
 .data.SystemCoreClock
                0x20000000        0x4 ./Core/Src/system_stm32f4xx.o
                0x20000000                SystemCoreClock
 .data.uwTickPrio
                0x20000004        0x4 ./Drivers/STM32F4xx_HAL_Driver/Src/stm32f4xx_hal.o
                0x20000004                uwTickPrio
 .data.uwTickFreq
                0x20000008        0x1 ./Drivers/STM32F4xx_HAL_Driver/Src/stm32f4xx_hal.o
                0x20000008                uwTickFreq
 *fill*         0x20000009        0x3 
 .data.USER_Driver
                0x2000000c       0x14 ./FATFS/Target/user_diskio.o
                0x2000000c                USER_Driver
 .data.Stat     0x20000020        0x1 ./FATFS/Target/user_diskio_spi.o
 *fill*         0x20000021        0x3 
 .data.__sglue  0x20000024        0xc /opt/st/stm32cubeide_1.17.0/plugins/com.st.stm32cube.ide.mcu.externaltools.gnu-tools-for-stm32.12.3.rel1.linux64_1.1.0.202410170702/tools/bin/../lib/gcc/arm-none-eabi/12.3.1/../../../../arm-none-eabi/lib/thumb/v7e-m+fp/hard/libc_nano.a(libc_a-findfp.o)
                0x20000024                __sglue
 .data._impure_ptr
                0x20000030        0x4 /opt/st/stm32cubeide_1.17.0/plugins/com.st.stm32cube.ide.mcu.externaltools.gnu-tools-for-stm32.12.3.rel1.linux64_1.1.0.202410170702/tools/bin/../lib/gcc/arm-none-eabi/12.3.1/../../../../arm-none-eabi/lib/thumb/v7e-m+fp/hard/libc_nano.a(libc_a-impure.o)
                0x20000030                _impure_ptr
 .data._impure_data
                0x20000034       0x4c /opt/st/stm32cubeide_1.17.0/plugins/com.st.stm32cube.ide.mcu.externaltools.gnu-tools-for-stm32.12.3.rel1.linux64_1.1.0.202410170702/tools/bin/../lib/gcc/arm-none-eabi/12.3.1/../../../../arm-none-eabi/lib/thumb/v7e-m+fp/hard/libc_nano.a(libc_a-impure.o)
                0x20000034                _impure_data
 *(.RamFunc)
 *(.RamFunc*)
                0x20000080                        . = ALIGN (0x4)
                0x20000080                        _edata = .

.igot.plt       0x20000080        0x0 load address 0x08007158
 .igot.plt      0x20000080        0x0 /opt/st/stm32cubeide_1.17.0/plugins/com.st.stm32cube.ide.mcu.externaltools.gnu-tools-for-stm32.12.3.rel1.linux64_1.1.0.202410170702/tools/bin/../lib/gcc/arm-none-eabi/12.3.1/thumb/v7e-m+fp/hard/crtbegin.o
                0x20000080                        . = ALIGN (0x4)

.bss            0x20000080      0x6bc load address 0x08007158
                0x20000080                        _sbss = .
                0x20000080                        __bss_start__ = _sbss
 *(.bss)
 .bss           0x20000080       0x1c /opt/st/stm32cubeide_1.17.0/plugins/com.st.stm32cube.ide.mcu.externaltools.gnu-tools-for-stm32.12.3.rel1.linux64_1.1.0.202410170702/tools/bin/../lib/gcc/arm-none-eabi/12.3.1/thumb/v7e-m+fp/hard/crtbegin.o
 *(.bss*)
 .bss.hspi1     0x2000009c       0x58 ./Core/Src/main.o
                0x2000009c                hspi1
 .bss.huart2    0x200000f4       0x48 ./Core/Src/main.o
                0x200000f4                huart2
 .bss.sd_result
                0x2000013c        0x1 ./Core/Src/sd.o
 *fill*         0x2000013d        0x3 
 .bss.sdCard    0x20000140      0x230 ./Core/Src/sd.o
 .bss.sdFile    0x20000370      0x230 ./Core/Src/sd.o
 .bss.__sbrk_heap_end
                0x200005a0        0x4 ./Core/Src/sysmem.o
 .bss.uwTick    0x200005a4        0x4 ./Drivers/STM32F4xx_HAL_Driver/Src/stm32f4xx_hal.o
                0x200005a4                uwTick
 .bss.retUSER   0x200005a8        0x1 ./FATFS/App/fatfs.o
                0x200005a8                retUSER
 *fill*         0x200005a9        0x3 
 .bss.USERPath  0x200005ac        0x4 ./FATFS/App/fatfs.o
                0x200005ac                USERPath
 .bss.CardType  0x200005b0        0x1 ./FATFS/Target/user_diskio_spi.o
 *fill*         0x200005b1        0x3 
 .bss.spiTimerTickStart
                0x200005b4        0x4 ./FATFS/Target/user_diskio_spi.o
                0x200005b4                spiTimerTickStart
 .bss.spiTimerTickDelay
                0x200005b8        0x4 ./FATFS/Target/user_diskio_spi.o
                0x200005b8                spiTimerTickDelay
 .bss.FatFs     0x200005bc        0x4 ./Middlewares/Third_Party/FatFs/src/ff.o
 .bss.Fsid      0x200005c0        0x2 ./Middlewares/Third_Party/FatFs/src/ff.o
 *fill*         0x200005c2        0x2 
 .bss.Files     0x200005c4       0x20 ./Middlewares/Third_Party/FatFs/src/ff.o
 .bss.disk      0x200005e4        0xc ./Middlewares/Third_Party/FatFs/src/ff_gen_drv.o
                0x200005e4                disk
 .bss.__sf      0x200005f0      0x138 /opt/st/stm32cubeide_1.17.0/plugins/com.st.stm32cube.ide.mcu.externaltools.gnu-tools-for-stm32.12.3.rel1.linux64_1.1.0.202410170702/tools/bin/../lib/gcc/arm-none-eabi/12.3.1/../../../../arm-none-eabi/lib/thumb/v7e-m+fp/hard/libc_nano.a(libc_a-findfp.o)
                0x200005f0                __sf
 .bss.__stdio_exit_handler
                0x20000728        0x4 /opt/st/stm32cubeide_1.17.0/plugins/com.st.stm32cube.ide.mcu.externaltools.gnu-tools-for-stm32.12.3.rel1.linux64_1.1.0.202410170702/tools/bin/../lib/gcc/arm-none-eabi/12.3.1/../../../../arm-none-eabi/lib/thumb/v7e-m+fp/hard/libc_nano.a(libc_a-findfp.o)
                0x20000728                __stdio_exit_handler
 .bss.errno     0x2000072c        0x4 /opt/st/stm32cubeide_1.17.0/plugins/com.st.stm32cube.ide.mcu.externaltools.gnu-tools-for-stm32.12.3.rel1.linux64_1.1.0.202410170702/tools/bin/../lib/gcc/arm-none-eabi/12.3.1/../../../../arm-none-eabi/lib/thumb/v7e-m+fp/hard/libc_nano.a(libc_a-reent.o)
                0x2000072c                errno
 .bss.__lock___malloc_recursive_mutex
                0x20000730        0x1 /opt/st/stm32cubeide_1.17.0/plugins/com.st.stm32cube.ide.mcu.externaltools.gnu-tools-for-stm32.12.3.rel1.linux64_1.1.0.202410170702/tools/bin/../lib/gcc/arm-none-eabi/12.3.1/../../../../arm-none-eabi/lib/thumb/v7e-m+fp/hard/libc_nano.a(libc_a-lock.o)
                0x20000730                __lock___malloc_recursive_mutex
 .bss.__lock___sfp_recursive_mutex
                0x20000731        0x1 /opt/st/stm32cubeide_1.17.0/plugins/com.st.stm32cube.ide.mcu.externaltools.gnu-tools-for-stm32.12.3.rel1.linux64_1.1.0.202410170702/tools/bin/../lib/gcc/arm-none-eabi/12.3.1/../../../../arm-none-eabi/lib/thumb/v7e-m+fp/hard/libc_nano.a(libc_a-lock.o)
                0x20000731                __lock___sfp_recursive_mutex
 *fill*         0x20000732        0x2 
 .bss.__malloc_sbrk_start
                0x20000734        0x4 /opt/st/stm32cubeide_1.17.0/plugins/com.st.stm32cube.ide.mcu.externaltools.gnu-tools-for-stm32.12.3.rel1.linux64_1.1.0.202410170702/tools/bin/../lib/gcc/arm-none-eabi/12.3.1/../../../../arm-none-eabi/lib/thumb/v7e-m+fp/hard/libc_nano.a(libc_a-mallocr.o)
                0x20000734                __malloc_sbrk_start
 .bss.__malloc_free_list
                0x20000738        0x4 /opt/st/stm32cubeide_1.17.0/plugins/com.st.stm32cube.ide.mcu.externaltools.gnu-tools-for-stm32.12.3.rel1.linux64_1.1.0.202410170702/tools/bin/../lib/gcc/arm-none-eabi/12.3.1/../../../../arm-none-eabi/lib/thumb/v7e-m+fp/hard/libc_nano.a(libc_a-mallocr.o)
                0x20000738                __malloc_free_list
 *(COMMON)
                0x2000073c                        . = ALIGN (0x4)
                0x2000073c                        _ebss = .
                0x2000073c                        __bss_end__ = _ebss

._user_heap_stack
                0x2000073c      0x604 load address 0x08007158
                0x20000740                        . = ALIGN (0x8)
 *fill*         0x2000073c        0x4 
                [!provide]                        PROVIDE (end = .)
                0x20000740                        PROVIDE (_end = .)
                0x20000940                        . = (. + _Min_Heap_Size)
 *fill*         0x20000740      0x200 
                0x20000d40                        . = (. + _Min_Stack_Size)
 *fill*         0x20000940      0x400 
                0x20000d40                        . = ALIGN (0x8)

/DISCARD/
 libc.a(*)
 libm.a(*)
 libgcc.a(*)

.ARM.attributes
                0x00000000       0x30
 *(.ARM.attributes)
 .ARM.attributes
                0x00000000       0x22 /opt/st/stm32cubeide_1.17.0/plugins/com.st.stm32cube.ide.mcu.externaltools.gnu-tools-for-stm32.12.3.rel1.linux64_1.1.0.202410170702/tools/bin/../lib/gcc/arm-none-eabi/12.3.1/thumb/v7e-m+fp/hard/crti.o
 .ARM.attributes
                0x00000022       0x34 /opt/st/stm32cubeide_1.17.0/plugins/com.st.stm32cube.ide.mcu.externaltools.gnu-tools-for-stm32.12.3.rel1.linux64_1.1.0.202410170702/tools/bin/../lib/gcc/arm-none-eabi/12.3.1/thumb/v7e-m+fp/hard/crtbegin.o
 .ARM.attributes
                0x00000056       0x34 ./Core/Src/main.o
 .ARM.attributes
                0x0000008a       0x34 ./Core/Src/sd.o
 .ARM.attributes
                0x000000be       0x34 ./Core/Src/stm32f4xx_hal_msp.o
 .ARM.attributes
                0x000000f2       0x34 ./Core/Src/stm32f4xx_it.o
 .ARM.attributes
                0x00000126       0x34 ./Core/Src/syscalls.o
 .ARM.attributes
                0x0000015a       0x34 ./Core/Src/sysmem.o
 .ARM.attributes
                0x0000018e       0x34 ./Core/Src/system_stm32f4xx.o
 .ARM.attributes
                0x000001c2       0x21 ./Core/Startup/startup_stm32f446retx.o
 .ARM.attributes
                0x000001e3       0x34 ./Drivers/STM32F4xx_HAL_Driver/Src/stm32f4xx_hal.o
 .ARM.attributes
                0x00000217       0x34 ./Drivers/STM32F4xx_HAL_Driver/Src/stm32f4xx_hal_cortex.o
 .ARM.attributes
                0x0000024b       0x34 ./Drivers/STM32F4xx_HAL_Driver/Src/stm32f4xx_hal_gpio.o
 .ARM.attributes
                0x0000027f       0x34 ./Drivers/STM32F4xx_HAL_Driver/Src/stm32f4xx_hal_pwr_ex.o
 .ARM.attributes
                0x000002b3       0x34 ./Drivers/STM32F4xx_HAL_Driver/Src/stm32f4xx_hal_rcc.o
 .ARM.attributes
                0x000002e7       0x34 ./Drivers/STM32F4xx_HAL_Driver/Src/stm32f4xx_hal_rcc_ex.o
 .ARM.attributes
                0x0000031b       0x34 ./Drivers/STM32F4xx_HAL_Driver/Src/stm32f4xx_hal_spi.o
 .ARM.attributes
                0x0000034f       0x34 ./Drivers/STM32F4xx_HAL_Driver/Src/stm32f4xx_hal_uart.o
 .ARM.attributes
                0x00000383       0x34 ./FATFS/App/fatfs.o
 .ARM.attributes
                0x000003b7       0x34 ./FATFS/Target/user_diskio.o
 .ARM.attributes
                0x000003eb       0x34 ./FATFS/Target/user_diskio_spi.o
 .ARM.attributes
                0x0000041f       0x34 ./Middlewares/Third_Party/FatFs/src/diskio.o
 .ARM.attributes
                0x00000453       0x34 ./Middlewares/Third_Party/FatFs/src/ff.o
 .ARM.attributes
                0x00000487       0x34 ./Middlewares/Third_Party/FatFs/src/ff_gen_drv.o
 .ARM.attributes
                0x000004bb       0x34 /opt/st/stm32cubeide_1.17.0/plugins/com.st.stm32cube.ide.mcu.externaltools.gnu-tools-for-stm32.12.3.rel1.linux64_1.1.0.202410170702/tools/bin/../lib/gcc/arm-none-eabi/12.3.1/../../../../arm-none-eabi/lib/thumb/v7e-m+fp/hard/libc_nano.a(libc_a-findfp.o)
 .ARM.attributes
                0x000004ef       0x34 /opt/st/stm32cubeide_1.17.0/plugins/com.st.stm32cube.ide.mcu.externaltools.gnu-tools-for-stm32.12.3.rel1.linux64_1.1.0.202410170702/tools/bin/../lib/gcc/arm-none-eabi/12.3.1/../../../../arm-none-eabi/lib/thumb/v7e-m+fp/hard/libc_nano.a(libc_a-fwalk.o)
 .ARM.attributes
                0x00000523       0x34 /opt/st/stm32cubeide_1.17.0/plugins/com.st.stm32cube.ide.mcu.externaltools.gnu-tools-for-stm32.12.3.rel1.linux64_1.1.0.202410170702/tools/bin/../lib/gcc/arm-none-eabi/12.3.1/../../../../arm-none-eabi/lib/thumb/v7e-m+fp/hard/libc_nano.a(libc_a-printf.o)
 .ARM.attributes
                0x00000557       0x34 /opt/st/stm32cubeide_1.17.0/plugins/com.st.stm32cube.ide.mcu.externaltools.gnu-tools-for-stm32.12.3.rel1.linux64_1.1.0.202410170702/tools/bin/../lib/gcc/arm-none-eabi/12.3.1/../../../../arm-none-eabi/lib/thumb/v7e-m+fp/hard/libc_nano.a(libc_a-puts.o)
 .ARM.attributes
                0x0000058b       0x34 /opt/st/stm32cubeide_1.17.0/plugins/com.st.stm32cube.ide.mcu.externaltools.gnu-tools-for-stm32.12.3.rel1.linux64_1.1.0.202410170702/tools/bin/../lib/gcc/arm-none-eabi/12.3.1/../../../../arm-none-eabi/lib/thumb/v7e-m+fp/hard/libc_nano.a(libc_a-stdio.o)
 .ARM.attributes
                0x000005bf       0x34 /opt/st/stm32cubeide_1.17.0/plugins/com.st.stm32cube.ide.mcu.externaltools.gnu-tools-for-stm32.12.3.rel1.linux64_1.1.0.202410170702/tools/bin/../lib/gcc/arm-none-eabi/12.3.1/../../../../arm-none-eabi/lib/thumb/v7e-m+fp/hard/libc_nano.a(libc_a-wbuf.o)
 .ARM.attributes
                0x000005f3       0x34 /opt/st/stm32cubeide_1.17.0/plugins/com.st.stm32cube.ide.mcu.externaltools.gnu-tools-for-stm32.12.3.rel1.linux64_1.1.0.202410170702/tools/bin/../lib/gcc/arm-none-eabi/12.3.1/../../../../arm-none-eabi/lib/thumb/v7e-m+fp/hard/libc_nano.a(libc_a-wsetup.o)
 .ARM.attributes
                0x00000627       0x34 /opt/st/stm32cubeide_1.17.0/plugins/com.st.stm32cube.ide.mcu.externaltools.gnu-tools-for-stm32.12.3.rel1.linux64_1.1.0.202410170702/tools/bin/../lib/gcc/arm-none-eabi/12.3.1/../../../../arm-none-eabi/lib/thumb/v7e-m+fp/hard/libc_nano.a(libc_a-memset.o)
 .ARM.attributes
                0x0000065b       0x34 /opt/st/stm32cubeide_1.17.0/plugins/com.st.stm32cube.ide.mcu.externaltools.gnu-tools-for-stm32.12.3.rel1.linux64_1.1.0.202410170702/tools/bin/../lib/gcc/arm-none-eabi/12.3.1/../../../../arm-none-eabi/lib/thumb/v7e-m+fp/hard/libc_nano.a(libc_a-closer.o)
 .ARM.attributes
                0x0000068f       0x34 /opt/st/stm32cubeide_1.17.0/plugins/com.st.stm32cube.ide.mcu.externaltools.gnu-tools-for-stm32.12.3.rel1.linux64_1.1.0.202410170702/tools/bin/../lib/gcc/arm-none-eabi/12.3.1/../../../../arm-none-eabi/lib/thumb/v7e-m+fp/hard/libc_nano.a(libc_a-reent.o)
 .ARM.attributes
                0x000006c3       0x34 /opt/st/stm32cubeide_1.17.0/plugins/com.st.stm32cube.ide.mcu.externaltools.gnu-tools-for-stm32.12.3.rel1.linux64_1.1.0.202410170702/tools/bin/../lib/gcc/arm-none-eabi/12.3.1/../../../../arm-none-eabi/lib/thumb/v7e-m+fp/hard/libc_nano.a(libc_a-impure.o)
 .ARM.attributes
                0x000006f7       0x34 /opt/st/stm32cubeide_1.17.0/plugins/com.st.stm32cube.ide.mcu.externaltools.gnu-tools-for-stm32.12.3.rel1.linux64_1.1.0.202410170702/tools/bin/../lib/gcc/arm-none-eabi/12.3.1/../../../../arm-none-eabi/lib/thumb/v7e-m+fp/hard/libc_nano.a(libc_a-lseekr.o)
 .ARM.attributes
                0x0000072b       0x34 /opt/st/stm32cubeide_1.17.0/plugins/com.st.stm32cube.ide.mcu.externaltools.gnu-tools-for-stm32.12.3.rel1.linux64_1.1.0.202410170702/tools/bin/../lib/gcc/arm-none-eabi/12.3.1/../../../../arm-none-eabi/lib/thumb/v7e-m+fp/hard/libc_nano.a(libc_a-readr.o)
 .ARM.attributes
                0x0000075f       0x34 /opt/st/stm32cubeide_1.17.0/plugins/com.st.stm32cube.ide.mcu.externaltools.gnu-tools-for-stm32.12.3.rel1.linux64_1.1.0.202410170702/tools/bin/../lib/gcc/arm-none-eabi/12.3.1/../../../../arm-none-eabi/lib/thumb/v7e-m+fp/hard/libc_nano.a(libc_a-writer.o)
 .ARM.attributes
                0x00000793       0x34 /opt/st/stm32cubeide_1.17.0/plugins/com.st.stm32cube.ide.mcu.externaltools.gnu-tools-for-stm32.12.3.rel1.linux64_1.1.0.202410170702/tools/bin/../lib/gcc/arm-none-eabi/12.3.1/../../../../arm-none-eabi/lib/thumb/v7e-m+fp/hard/libc_nano.a(libc_a-errno.o)
 .ARM.attributes
                0x000007c7       0x34 /opt/st/stm32cubeide_1.17.0/plugins/com.st.stm32cube.ide.mcu.externaltools.gnu-tools-for-stm32.12.3.rel1.linux64_1.1.0.202410170702/tools/bin/../lib/gcc/arm-none-eabi/12.3.1/../../../../arm-none-eabi/lib/thumb/v7e-m+fp/hard/libc_nano.a(libc_a-init.o)
 .ARM.attributes
                0x000007fb       0x34 /opt/st/stm32cubeide_1.17.0/plugins/com.st.stm32cube.ide.mcu.externaltools.gnu-tools-for-stm32.12.3.rel1.linux64_1.1.0.202410170702/tools/bin/../lib/gcc/arm-none-eabi/12.3.1/../../../../arm-none-eabi/lib/thumb/v7e-m+fp/hard/libc_nano.a(libc_a-lock.o)
 .ARM.attributes
                0x0000082f       0x17 /opt/st/stm32cubeide_1.17.0/plugins/com.st.stm32cube.ide.mcu.externaltools.gnu-tools-for-stm32.12.3.rel1.linux64_1.1.0.202410170702/tools/bin/../lib/gcc/arm-none-eabi/12.3.1/../../../../arm-none-eabi/lib/thumb/v7e-m+fp/hard/libc_nano.a(libc_a-strlen.o)
 .ARM.attributes
                0x00000846       0x34 /opt/st/stm32cubeide_1.17.0/plugins/com.st.stm32cube.ide.mcu.externaltools.gnu-tools-for-stm32.12.3.rel1.linux64_1.1.0.202410170702/tools/bin/../lib/gcc/arm-none-eabi/12.3.1/../../../../arm-none-eabi/lib/thumb/v7e-m+fp/hard/libc_nano.a(libc_a-freer.o)
 .ARM.attributes
                0x0000087a       0x34 /opt/st/stm32cubeide_1.17.0/plugins/com.st.stm32cube.ide.mcu.externaltools.gnu-tools-for-stm32.12.3.rel1.linux64_1.1.0.202410170702/tools/bin/../lib/gcc/arm-none-eabi/12.3.1/../../../../arm-none-eabi/lib/thumb/v7e-m+fp/hard/libc_nano.a(libc_a-mallocr.o)
 .ARM.attributes
                0x000008ae       0x34 /opt/st/stm32cubeide_1.17.0/plugins/com.st.stm32cube.ide.mcu.externaltools.gnu-tools-for-stm32.12.3.rel1.linux64_1.1.0.202410170702/tools/bin/../lib/gcc/arm-none-eabi/12.3.1/../../../../arm-none-eabi/lib/thumb/v7e-m+fp/hard/libc_nano.a(libc_a-mlock.o)
 .ARM.attributes
                0x000008e2       0x34 /opt/st/stm32cubeide_1.17.0/plugins/com.st.stm32cube.ide.mcu.externaltools.gnu-tools-for-stm32.12.3.rel1.linux64_1.1.0.202410170702/tools/bin/../lib/gcc/arm-none-eabi/12.3.1/../../../../arm-none-eabi/lib/thumb/v7e-m+fp/hard/libc_nano.a(libc_a-nano-vfprintf.o)
 .ARM.attributes
                0x00000916       0x34 /opt/st/stm32cubeide_1.17.0/plugins/com.st.stm32cube.ide.mcu.externaltools.gnu-tools-for-stm32.12.3.rel1.linux64_1.1.0.202410170702/tools/bin/../lib/gcc/arm-none-eabi/12.3.1/../../../../arm-none-eabi/lib/thumb/v7e-m+fp/hard/libc_nano.a(libc_a-nano-vfprintf_i.o)
 .ARM.attributes
                0x0000094a       0x34 /opt/st/stm32cubeide_1.17.0/plugins/com.st.stm32cube.ide.mcu.externaltools.gnu-tools-for-stm32.12.3.rel1.linux64_1.1.0.202410170702/tools/bin/../lib/gcc/arm-none-eabi/12.3.1/../../../../arm-none-eabi/lib/thumb/v7e-m+fp/hard/libc_nano.a(libc_a-fflush.o)
 .ARM.attributes
                0x0000097e       0x34 /opt/st/stm32cubeide_1.17.0/plugins/com.st.stm32cube.ide.mcu.externaltools.gnu-tools-for-stm32.12.3.rel1.linux64_1.1.0.202410170702/tools/bin/../lib/gcc/arm-none-eabi/12.3.1/../../../../arm-none-eabi/lib/thumb/v7e-m+fp/hard/libc_nano.a(libc_a-makebuf.o)
 .ARM.attributes
                0x000009b2       0x34 /opt/st/stm32cubeide_1.17.0/plugins/com.st.stm32cube.ide.mcu.externaltools.gnu-tools-for-stm32.12.3.rel1.linux64_1.1.0.202410170702/tools/bin/../lib/gcc/arm-none-eabi/12.3.1/../../../../arm-none-eabi/lib/thumb/v7e-m+fp/hard/libc_nano.a(libc_a-fstatr.o)
 .ARM.attributes
                0x000009e6       0x34 /opt/st/stm32cubeide_1.17.0/plugins/com.st.stm32cube.ide.mcu.externaltools.gnu-tools-for-stm32.12.3.rel1.linux64_1.1.0.202410170702/tools/bin/../lib/gcc/arm-none-eabi/12.3.1/../../../../arm-none-eabi/lib/thumb/v7e-m+fp/hard/libc_nano.a(libc_a-isattyr.o)
 .ARM.attributes
                0x00000a1a       0x34 /opt/st/stm32cubeide_1.17.0/plugins/com.st.stm32cube.ide.mcu.externaltools.gnu-tools-for-stm32.12.3.rel1.linux64_1.1.0.202410170702/tools/bin/../lib/gcc/arm-none-eabi/12.3.1/../../../../arm-none-eabi/lib/thumb/v7e-m+fp/hard/libc_nano.a(libc_a-sbrkr.o)
 .ARM.attributes
                0x00000a4e       0x1c /opt/st/stm32cubeide_1.17.0/plugins/com.st.stm32cube.ide.mcu.externaltools.gnu-tools-for-stm32.12.3.rel1.linux64_1.1.0.202410170702/tools/bin/../lib/gcc/arm-none-eabi/12.3.1/../../../../arm-none-eabi/lib/thumb/v7e-m+fp/hard/libc_nano.a(libc_a-memchr.o)
 .ARM.attributes
                0x00000a6a       0x22 /opt/st/stm32cubeide_1.17.0/plugins/com.st.stm32cube.ide.mcu.externaltools.gnu-tools-for-stm32.12.3.rel1.linux64_1.1.0.202410170702/tools/bin/../lib/gcc/arm-none-eabi/12.3.1/thumb/v7e-m+fp/hard/libgcc.a(_aeabi_uldivmod.o)
 .ARM.attributes
                0x00000a8c       0x34 /opt/st/stm32cubeide_1.17.0/plugins/com.st.stm32cube.ide.mcu.externaltools.gnu-tools-for-stm32.12.3.rel1.linux64_1.1.0.202410170702/tools/bin/../lib/gcc/arm-none-eabi/12.3.1/thumb/v7e-m+fp/hard/libgcc.a(_udivmoddi4.o)
 .ARM.attributes
                0x00000ac0       0x22 /opt/st/stm32cubeide_1.17.0/plugins/com.st.stm32cube.ide.mcu.externaltools.gnu-tools-for-stm32.12.3.rel1.linux64_1.1.0.202410170702/tools/bin/../lib/gcc/arm-none-eabi/12.3.1/thumb/v7e-m+fp/hard/libgcc.a(_dvmd_tls.o)
 .ARM.attributes
                0x00000ae2       0x22 /opt/st/stm32cubeide_1.17.0/plugins/com.st.stm32cube.ide.mcu.externaltools.gnu-tools-for-stm32.12.3.rel1.linux64_1.1.0.202410170702/tools/bin/../lib/gcc/arm-none-eabi/12.3.1/thumb/v7e-m+fp/hard/crtn.o
OUTPUT(sd_spi.elf elf32-littlearm)
LOAD linker stubs
LOAD /opt/st/stm32cubeide_1.17.0/plugins/com.st.stm32cube.ide.mcu.externaltools.gnu-tools-for-stm32.12.3.rel1.linux64_1.1.0.202410170702/tools/bin/../lib/gcc/arm-none-eabi/12.3.1/../../../../arm-none-eabi/lib/thumb/v7e-m+fp/hard/libc.a
LOAD /opt/st/stm32cubeide_1.17.0/plugins/com.st.stm32cube.ide.mcu.externaltools.gnu-tools-for-stm32.12.3.rel1.linux64_1.1.0.202410170702/tools/bin/../lib/gcc/arm-none-eabi/12.3.1/../../../../arm-none-eabi/lib/thumb/v7e-m+fp/hard/libm.a
LOAD /opt/st/stm32cubeide_1.17.0/plugins/com.st.stm32cube.ide.mcu.externaltools.gnu-tools-for-stm32.12.3.rel1.linux64_1.1.0.202410170702/tools/bin/../lib/gcc/arm-none-eabi/12.3.1/thumb/v7e-m+fp/hard/libgcc.a

.debug_info     0x00000000     0xeb26
 .debug_info    0x00000000     0x118c ./Core/Src/main.o
 .debug_info    0x0000118c      0x537 ./Core/Src/sd.o
 .debug_info    0x000016c3      0xc09 ./Core/Src/stm32f4xx_hal_msp.o
 .debug_info    0x000022cc      0x112 ./Core/Src/stm32f4xx_it.o
 .debug_info    0x000023de      0x6a3 ./Core/Src/syscalls.o
 .debug_info    0x00002a81      0x168 ./Core/Src/sysmem.o
 .debug_info    0x00002be9      0x54a ./Core/Src/system_stm32f4xx.o
 .debug_info    0x00003133       0x30 ./Core/Startup/startup_stm32f446retx.o
 .debug_info    0x00003163      0x99a ./Drivers/STM32F4xx_HAL_Driver/Src/stm32f4xx_hal.o
 .debug_info    0x00003afd      0xdaa ./Drivers/STM32F4xx_HAL_Driver/Src/stm32f4xx_hal_cortex.o
 .debug_info    0x000048a7      0x70b ./Drivers/STM32F4xx_HAL_Driver/Src/stm32f4xx_hal_gpio.o
 .debug_info    0x00004fb2      0x6da ./Drivers/STM32F4xx_HAL_Driver/Src/stm32f4xx_hal_pwr_ex.o
 .debug_info    0x0000568c      0x8eb ./Drivers/STM32F4xx_HAL_Driver/Src/stm32f4xx_hal_rcc.o
 .debug_info    0x00005f77      0x956 ./Drivers/STM32F4xx_HAL_Driver/Src/stm32f4xx_hal_rcc_ex.o
 .debug_info    0x000068cd     0x1525 ./Drivers/STM32F4xx_HAL_Driver/Src/stm32f4xx_hal_spi.o
 .debug_info    0x00007df2     0x2f4f ./Drivers/STM32F4xx_HAL_Driver/Src/stm32f4xx_hal_uart.o
 .debug_info    0x0000ad41      0x4d9 ./FATFS/App/fatfs.o
 .debug_info    0x0000b21a      0x3aa ./FATFS/Target/user_diskio.o
 .debug_info    0x0000b5c4      0xc27 ./FATFS/Target/user_diskio_spi.o
 .debug_info    0x0000c1eb      0x3df ./Middlewares/Third_Party/FatFs/src/diskio.o
 .debug_info    0x0000c5ca     0x21dd ./Middlewares/Third_Party/FatFs/src/ff.o
 .debug_info    0x0000e7a7      0x37f ./Middlewares/Third_Party/FatFs/src/ff_gen_drv.o

.debug_abbrev   0x00000000     0x28fc
 .debug_abbrev  0x00000000      0x33d ./Core/Src/main.o
 .debug_abbrev  0x0000033d      0x172 ./Core/Src/sd.o
 .debug_abbrev  0x000004af      0x1ae ./Core/Src/stm32f4xx_hal_msp.o
 .debug_abbrev  0x0000065d       0x73 ./Core/Src/stm32f4xx_it.o
 .debug_abbrev  0x000006d0      0x1b6 ./Core/Src/syscalls.o
 .debug_abbrev  0x00000886       0xbc ./Core/Src/sysmem.o
 .debug_abbrev  0x00000942      0x11a ./Core/Src/system_stm32f4xx.o
 .debug_abbrev  0x00000a5c       0x24 ./Core/Startup/startup_stm32f446retx.o
 .debug_abbrev  0x00000a80      0x214 ./Drivers/STM32F4xx_HAL_Driver/Src/stm32f4xx_hal.o
 .debug_abbrev  0x00000c94      0x31d ./Drivers/STM32F4xx_HAL_Driver/Src/stm32f4xx_hal_cortex.o
 .debug_abbrev  0x00000fb1      0x1d4 ./Drivers/STM32F4xx_HAL_Driver/Src/stm32f4xx_hal_gpio.o
 .debug_abbrev  0x00001185      0x1cf ./Drivers/STM32F4xx_HAL_Driver/Src/stm32f4xx_hal_pwr_ex.o
 .debug_abbrev  0x00001354      0x2b7 ./Drivers/STM32F4xx_HAL_Driver/Src/stm32f4xx_hal_rcc.o
 .debug_abbrev  0x0000160b      0x20a ./Drivers/STM32F4xx_HAL_Driver/Src/stm32f4xx_hal_rcc_ex.o
 .debug_abbrev  0x00001815      0x27a ./Drivers/STM32F4xx_HAL_Driver/Src/stm32f4xx_hal_spi.o
 .debug_abbrev  0x00001a8f      0x30e ./Drivers/STM32F4xx_HAL_Driver/Src/stm32f4xx_hal_uart.o
 .debug_abbrev  0x00001d9d      0x160 ./FATFS/App/fatfs.o
 .debug_abbrev  0x00001efd      0x143 ./FATFS/Target/user_diskio.o
 .debug_abbrev  0x00002040      0x31a ./FATFS/Target/user_diskio_spi.o
 .debug_abbrev  0x0000235a      0x181 ./Middlewares/Third_Party/FatFs/src/diskio.o
 .debug_abbrev  0x000024db      0x282 ./Middlewares/Third_Party/FatFs/src/ff.o
 .debug_abbrev  0x0000275d      0x19f ./Middlewares/Third_Party/FatFs/src/ff_gen_drv.o

.debug_aranges  0x00000000      0xd88
 .debug_aranges
                0x00000000       0x58 ./Core/Src/main.o
 .debug_aranges
                0x00000058       0x38 ./Core/Src/sd.o
 .debug_aranges
                0x00000090       0x40 ./Core/Src/stm32f4xx_hal_msp.o
 .debug_aranges
                0x000000d0       0x60 ./Core/Src/stm32f4xx_it.o
 .debug_aranges
                0x00000130       0xa8 ./Core/Src/syscalls.o
 .debug_aranges
                0x000001d8       0x20 ./Core/Src/sysmem.o
 .debug_aranges
                0x000001f8       0x28 ./Core/Src/system_stm32f4xx.o
 .debug_aranges
                0x00000220       0x28 ./Core/Startup/startup_stm32f446retx.o
 .debug_aranges
                0x00000248       0xf0 ./Drivers/STM32F4xx_HAL_Driver/Src/stm32f4xx_hal.o
 .debug_aranges
                0x00000338      0x130 ./Drivers/STM32F4xx_HAL_Driver/Src/stm32f4xx_hal_cortex.o
 .debug_aranges
                0x00000468       0x58 ./Drivers/STM32F4xx_HAL_Driver/Src/stm32f4xx_hal_gpio.o
 .debug_aranges
                0x000004c0       0x60 ./Drivers/STM32F4xx_HAL_Driver/Src/stm32f4xx_hal_pwr_ex.o
 .debug_aranges
                0x00000520       0x88 ./Drivers/STM32F4xx_HAL_Driver/Src/stm32f4xx_hal_rcc.o
 .debug_aranges
                0x000005a8       0x78 ./Drivers/STM32F4xx_HAL_Driver/Src/stm32f4xx_hal_rcc_ex.o
 .debug_aranges
                0x00000620      0x1d0 ./Drivers/STM32F4xx_HAL_Driver/Src/stm32f4xx_hal_spi.o
 .debug_aranges
                0x000007f0      0x208 ./Drivers/STM32F4xx_HAL_Driver/Src/stm32f4xx_hal_uart.o
 .debug_aranges
                0x000009f8       0x28 ./FATFS/App/fatfs.o
 .debug_aranges
                0x00000a20       0x40 ./FATFS/Target/user_diskio.o
 .debug_aranges
                0x00000a60       0x98 ./FATFS/Target/user_diskio_spi.o
 .debug_aranges
                0x00000af8       0x48 ./Middlewares/Third_Party/FatFs/src/diskio.o
 .debug_aranges
                0x00000b40      0x208 ./Middlewares/Third_Party/FatFs/src/ff.o
 .debug_aranges
                0x00000d48       0x40 ./Middlewares/Third_Party/FatFs/src/ff_gen_drv.o

.debug_rnglists
                0x00000000      0xa4e
 .debug_rnglists
                0x00000000       0x3f ./Core/Src/main.o
 .debug_rnglists
                0x0000003f       0x27 ./Core/Src/sd.o
 .debug_rnglists
                0x00000066       0x2d ./Core/Src/stm32f4xx_hal_msp.o
 .debug_rnglists
                0x00000093       0x43 ./Core/Src/stm32f4xx_it.o
 .debug_rnglists
                0x000000d6       0x79 ./Core/Src/syscalls.o
 .debug_rnglists
                0x0000014f       0x13 ./Core/Src/sysmem.o
 .debug_rnglists
                0x00000162       0x1a ./Core/Src/system_stm32f4xx.o
 .debug_rnglists
                0x0000017c       0x19 ./Core/Startup/startup_stm32f446retx.o
 .debug_rnglists
                0x00000195       0xaf ./Drivers/STM32F4xx_HAL_Driver/Src/stm32f4xx_hal.o
 .debug_rnglists
                0x00000244       0xe0 ./Drivers/STM32F4xx_HAL_Driver/Src/stm32f4xx_hal_cortex.o
 .debug_rnglists
                0x00000324       0x3f ./Drivers/STM32F4xx_HAL_Driver/Src/stm32f4xx_hal_gpio.o
 .debug_rnglists
                0x00000363       0x47 ./Drivers/STM32F4xx_HAL_Driver/Src/stm32f4xx_hal_pwr_ex.o
 .debug_rnglists
                0x000003aa       0x66 ./Drivers/STM32F4xx_HAL_Driver/Src/stm32f4xx_hal_rcc.o
 .debug_rnglists
                0x00000410       0x5e ./Drivers/STM32F4xx_HAL_Driver/Src/stm32f4xx_hal_rcc_ex.o
 .debug_rnglists
                0x0000046e      0x16f ./Drivers/STM32F4xx_HAL_Driver/Src/stm32f4xx_hal_spi.o
 .debug_rnglists
                0x000005dd      0x1bc ./Drivers/STM32F4xx_HAL_Driver/Src/stm32f4xx_hal_uart.o
 .debug_rnglists
                0x00000799       0x19 ./FATFS/App/fatfs.o
 .debug_rnglists
                0x000007b2       0x2b ./FATFS/Target/user_diskio.o
 .debug_rnglists
                0x000007dd       0x72 ./FATFS/Target/user_diskio_spi.o
 .debug_rnglists
                0x0000084f       0x31 ./Middlewares/Third_Party/FatFs/src/diskio.o
 .debug_rnglists
                0x00000880      0x1a2 ./Middlewares/Third_Party/FatFs/src/ff.o
 .debug_rnglists
                0x00000a22       0x2c ./Middlewares/Third_Party/FatFs/src/ff_gen_drv.o

.debug_macro    0x00000000    0x243f9
 .debug_macro   0x00000000      0x360 ./Core/Src/main.o
 .debug_macro   0x00000360      0xab4 ./Core/Src/main.o
 .debug_macro   0x00000e14      0x29b ./Core/Src/main.o
 .debug_macro   0x000010af       0x2e ./Core/Src/main.o
 .debug_macro   0x000010dd       0x28 ./Core/Src/main.o
 .debug_macro   0x00001105       0x22 ./Core/Src/main.o
 .debug_macro   0x00001127       0x8e ./Core/Src/main.o
 .debug_macro   0x000011b5       0x51 ./Core/Src/main.o
 .debug_macro   0x00001206      0x103 ./Core/Src/main.o
 .debug_macro   0x00001309       0x6a ./Core/Src/main.o
 .debug_macro   0x00001373      0x1df ./Core/Src/main.o
 .debug_macro   0x00001552       0x1c ./Core/Src/main.o
 .debug_macro   0x0000156e       0x22 ./Core/Src/main.o
 .debug_macro   0x00001590       0xfb ./Core/Src/main.o
 .debug_macro   0x0000168b     0x1011 ./Core/Src/main.o
 .debug_macro   0x0000269c      0x11f ./Core/Src/main.o
 .debug_macro   0x000027bb    0x16749 ./Core/Src/main.o
 .debug_macro   0x00018f04       0x6d ./Core/Src/main.o
 .debug_macro   0x00018f71     0x369a ./Core/Src/main.o
 .debug_macro   0x0001c60b      0x189 ./Core/Src/main.o
 .debug_macro   0x0001c794       0x5c ./Core/Src/main.o
 .debug_macro   0x0001c7f0      0xca5 ./Core/Src/main.o
 .debug_macro   0x0001d495      0x9e9 ./Core/Src/main.o
 .debug_macro   0x0001de7e      0x115 ./Core/Src/main.o
 .debug_macro   0x0001df93      0x1a0 ./Core/Src/main.o
 .debug_macro   0x0001e133       0xa5 ./Core/Src/main.o
 .debug_macro   0x0001e1d8      0x16d ./Core/Src/main.o
 .debug_macro   0x0001e345      0x287 ./Core/Src/main.o
 .debug_macro   0x0001e5cc       0x5f ./Core/Src/main.o
 .debug_macro   0x0001e62b      0x236 ./Core/Src/main.o
 .debug_macro   0x0001e861      0x132 ./Core/Src/main.o
 .debug_macro   0x0001e993      0x29c ./Core/Src/main.o
 .debug_macro   0x0001ec2f       0x2e ./Core/Src/main.o
 .debug_macro   0x0001ec5d      0x127 ./Core/Src/main.o
 .debug_macro   0x0001ed84       0xe8 ./Core/Src/main.o
 .debug_macro   0x0001ee6c       0x89 ./Core/Src/main.o
 .debug_macro   0x0001eef5      0x225 ./Core/Src/main.o
 .debug_macro   0x0001f11a      0x2aa ./Core/Src/main.o
 .debug_macro   0x0001f3c4      0x126 ./Core/Src/main.o
 .debug_macro   0x0001f4ea       0x16 ./Core/Src/main.o
 .debug_macro   0x0001f500       0xeb ./Core/Src/main.o
 .debug_macro   0x0001f5eb       0x2a ./Core/Src/main.o
 .debug_macro   0x0001f615       0x61 ./Core/Src/main.o
 .debug_macro   0x0001f676       0x43 ./Core/Src/main.o
 .debug_macro   0x0001f6b9       0x34 ./Core/Src/main.o
 .debug_macro   0x0001f6ed       0x16 ./Core/Src/main.o
 .debug_macro   0x0001f703       0x35 ./Core/Src/main.o
 .debug_macro   0x0001f738       0x16 ./Core/Src/main.o
 .debug_macro   0x0001f74e       0x43 ./Core/Src/main.o
 .debug_macro   0x0001f791       0x34 ./Core/Src/main.o
 .debug_macro   0x0001f7c5       0x10 ./Core/Src/main.o
 .debug_macro   0x0001f7d5       0x58 ./Core/Src/main.o
 .debug_macro   0x0001f82d       0x8e ./Core/Src/main.o
 .debug_macro   0x0001f8bb       0x1c ./Core/Src/main.o
 .debug_macro   0x0001f8d7      0x177 ./Core/Src/main.o
 .debug_macro   0x0001fa4e      0x369 ./Core/Src/main.o
 .debug_macro   0x0001fdb7       0x16 ./Core/Src/main.o
 .debug_macro   0x0001fdcd       0x29 ./Core/Src/main.o
 .debug_macro   0x0001fdf6       0x12 ./Core/Src/main.o
 .debug_macro   0x0001fe08       0xe2 ./Core/Src/main.o
 .debug_macro   0x0001feea       0x8e ./Core/Src/main.o
 .debug_macro   0x0001ff78       0x1c ./Core/Src/main.o
 .debug_macro   0x0001ff94       0x10 ./Core/Src/main.o
 .debug_macro   0x0001ffa4       0x1c ./Core/Src/main.o
 .debug_macro   0x0001ffc0       0x16 ./Core/Src/main.o
 .debug_macro   0x0001ffd6      0x146 ./Core/Src/main.o
 .debug_macro   0x0002011c       0x16 ./Core/Src/main.o
 .debug_macro   0x00020132       0x20 ./Core/Src/main.o
 .debug_macro   0x00020152      0x36c ./Core/Src/sd.o
 .debug_macro   0x000204be       0x5b ./Core/Src/sd.o
 .debug_macro   0x00020519       0x94 ./Core/Src/sd.o
 .debug_macro   0x000205ad       0x16 ./Core/Src/sd.o
 .debug_macro   0x000205c3       0x57 ./Core/Src/sd.o
 .debug_macro   0x0002061a       0x9e ./Core/Src/sd.o
 .debug_macro   0x000206b8      0x10b ./Core/Src/sd.o
 .debug_macro   0x000207c3       0x16 ./Core/Src/sd.o
 .debug_macro   0x000207d9       0x56 ./Core/Src/sd.o
 .debug_macro   0x0002082f       0xe5 ./Core/Src/sd.o
 .debug_macro   0x00020914       0xdb ./Core/Src/sd.o
 .debug_macro   0x000209ef      0x1d3 ./Core/Src/stm32f4xx_hal_msp.o
 .debug_macro   0x00020bc2      0x1dd ./Core/Src/stm32f4xx_it.o
 .debug_macro   0x00020d9f      0x274 ./Core/Src/syscalls.o
 .debug_macro   0x00021013       0x10 ./Core/Src/syscalls.o
 .debug_macro   0x00021023       0x10 ./Core/Src/syscalls.o
 .debug_macro   0x00021033       0x10 ./Core/Src/syscalls.o
 .debug_macro   0x00021043       0x10 ./Core/Src/syscalls.o
 .debug_macro   0x00021053       0x1c ./Core/Src/syscalls.o
 .debug_macro   0x0002106f       0x52 ./Core/Src/syscalls.o
 .debug_macro   0x000210c1       0x22 ./Core/Src/syscalls.o
 .debug_macro   0x000210e3       0x10 ./Core/Src/syscalls.o
 .debug_macro   0x000210f3       0x52 ./Core/Src/syscalls.o
 .debug_macro   0x00021145       0xcf ./Core/Src/syscalls.o
 .debug_macro   0x00021214       0x1c ./Core/Src/syscalls.o
 .debug_macro   0x00021230       0x3d ./Core/Src/syscalls.o
 .debug_macro   0x0002126d       0x35 ./Core/Src/syscalls.o
 .debug_macro   0x000212a2      0x12c ./Core/Src/syscalls.o
 .debug_macro   0x000213ce       0x10 ./Core/Src/syscalls.o
 .debug_macro   0x000213de      0x242 ./Core/Src/syscalls.o
 .debug_macro   0x00021620       0x10 ./Core/Src/syscalls.o
 .debug_macro   0x00021630      0x18a ./Core/Src/syscalls.o
 .debug_macro   0x000217ba       0x16 ./Core/Src/syscalls.o
 .debug_macro   0x000217d0       0xce ./Core/Src/syscalls.o
 .debug_macro   0x0002189e       0xff ./Core/Src/sysmem.o
 .debug_macro   0x0002199d      0x23c ./Core/Src/sysmem.o
 .debug_macro   0x00021bd9      0x1c4 ./Core/Src/system_stm32f4xx.o
 .debug_macro   0x00021d9d      0x224 ./Drivers/STM32F4xx_HAL_Driver/Src/stm32f4xx_hal.o
 .debug_macro   0x00021fc1      0x1c4 ./Drivers/STM32F4xx_HAL_Driver/Src/stm32f4xx_hal_cortex.o
 .debug_macro   0x00022185      0x1ca ./Drivers/STM32F4xx_HAL_Driver/Src/stm32f4xx_hal_gpio.o
 .debug_macro   0x0002234f      0x1dc ./Drivers/STM32F4xx_HAL_Driver/Src/stm32f4xx_hal_pwr_ex.o
 .debug_macro   0x0002252b      0x1e8 ./Drivers/STM32F4xx_HAL_Driver/Src/stm32f4xx_hal_rcc.o
 .debug_macro   0x00022713      0x1c4 ./Drivers/STM32F4xx_HAL_Driver/Src/stm32f4xx_hal_rcc_ex.o
 .debug_macro   0x000228d7      0x1d3 ./Drivers/STM32F4xx_HAL_Driver/Src/stm32f4xx_hal_spi.o
 .debug_macro   0x00022aaa      0x1c5 ./Drivers/STM32F4xx_HAL_Driver/Src/stm32f4xx_hal_uart.o
 .debug_macro   0x00022c6f      0x2f8 ./FATFS/App/fatfs.o
 .debug_macro   0x00022f67      0x327 ./FATFS/Target/user_diskio.o
 .debug_macro   0x0002328e       0x10 ./FATFS/Target/user_diskio.o
 .debug_macro   0x0002329e       0x16 ./FATFS/Target/user_diskio.o
 .debug_macro   0x000232b4       0x7c ./FATFS/Target/user_diskio.o
 .debug_macro   0x00023330      0x39f ./FATFS/Target/user_diskio_spi.o
 .debug_macro   0x000236cf       0x1c ./FATFS/Target/user_diskio_spi.o
 .debug_macro   0x000236eb      0x2e5 ./Middlewares/Third_Party/FatFs/src/diskio.o
 .debug_macro   0x000239d0      0x6ec ./Middlewares/Third_Party/FatFs/src/ff.o
 .debug_macro   0x000240bc       0x58 ./Middlewares/Third_Party/FatFs/src/ff.o
 .debug_macro   0x00024114      0x2e5 ./Middlewares/Third_Party/FatFs/src/ff_gen_drv.o

.debug_line     0x00000000    0x1298d
 .debug_line    0x00000000      0xa6a ./Core/Src/main.o
 .debug_line    0x00000a6a      0x936 ./Core/Src/sd.o
 .debug_line    0x000013a0      0x70b ./Core/Src/stm32f4xx_hal_msp.o
 .debug_line    0x00001aab      0x734 ./Core/Src/stm32f4xx_it.o
 .debug_line    0x000021df      0x7dd ./Core/Src/syscalls.o
 .debug_line    0x000029bc      0x4ae ./Core/Src/sysmem.o
 .debug_line    0x00002e6a      0x6f6 ./Core/Src/system_stm32f4xx.o
 .debug_line    0x00003560       0x7a ./Core/Startup/startup_stm32f446retx.o
 .debug_line    0x000035da      0x95f ./Drivers/STM32F4xx_HAL_Driver/Src/stm32f4xx_hal.o
 .debug_line    0x00003f39      0xc51 ./Drivers/STM32F4xx_HAL_Driver/Src/stm32f4xx_hal_cortex.o
 .debug_line    0x00004b8a      0xad7 ./Drivers/STM32F4xx_HAL_Driver/Src/stm32f4xx_hal_gpio.o
 .debug_line    0x00005661      0x888 ./Drivers/STM32F4xx_HAL_Driver/Src/stm32f4xx_hal_pwr_ex.o
 .debug_line    0x00005ee9      0xcf4 ./Drivers/STM32F4xx_HAL_Driver/Src/stm32f4xx_hal_rcc.o
 .debug_line    0x00006bdd     0x1363 ./Drivers/STM32F4xx_HAL_Driver/Src/stm32f4xx_hal_rcc_ex.o
 .debug_line    0x00007f40     0x1c7d ./Drivers/STM32F4xx_HAL_Driver/Src/stm32f4xx_hal_spi.o
 .debug_line    0x00009bbd     0x2831 ./Drivers/STM32F4xx_HAL_Driver/Src/stm32f4xx_hal_uart.o
 .debug_line    0x0000c3ee      0x850 ./FATFS/App/fatfs.o
 .debug_line    0x0000cc3e      0x8bb ./FATFS/Target/user_diskio.o
 .debug_line    0x0000d4f9      0xf0c ./FATFS/Target/user_diskio_spi.o
 .debug_line    0x0000e405      0x8c2 ./Middlewares/Third_Party/FatFs/src/diskio.o
 .debug_line    0x0000ecc7     0x33e9 ./Middlewares/Third_Party/FatFs/src/ff.o
 .debug_line    0x000120b0      0x8dd ./Middlewares/Third_Party/FatFs/src/ff_gen_drv.o

.debug_str      0x00000000    0xcdcec
 .debug_str     0x00000000    0xc7f97 ./Core/Src/main.o
                              0xc82ea (size before relaxing)
 .debug_str     0x000c7f97      0x26f ./Core/Src/sd.o
                              0xc7ae9 (size before relaxing)
 .debug_str     0x000c8206       0x8d ./Core/Src/stm32f4xx_hal_msp.o
                              0xc41cf (size before relaxing)
 .debug_str     0x000c8293       0xc9 ./Core/Src/stm32f4xx_it.o
                              0xc3a60 (size before relaxing)
 .debug_str     0x000c835c     0x1f8a ./Core/Src/syscalls.o
                               0x98a3 (size before relaxing)
 .debug_str     0x000ca2e6       0x6b ./Core/Src/sysmem.o
                               0x60bb (size before relaxing)
 .debug_str     0x000ca351       0xdb ./Core/Src/system_stm32f4xx.o
                              0xc3b6c (size before relaxing)
 .debug_str     0x000ca42c       0x44 ./Core/Startup/startup_stm32f446retx.o
                                 0x6e (size before relaxing)
 .debug_str     0x000ca470      0xb1f ./Drivers/STM32F4xx_HAL_Driver/Src/stm32f4xx_hal.o
                              0xc4731 (size before relaxing)
 .debug_str     0x000caf8f      0x392 ./Drivers/STM32F4xx_HAL_Driver/Src/stm32f4xx_hal_cortex.o
                              0xc4488 (size before relaxing)
 .debug_str     0x000cb321      0x121 ./Drivers/STM32F4xx_HAL_Driver/Src/stm32f4xx_hal_gpio.o
                              0xc3ce7 (size before relaxing)
 .debug_str     0x000cb442      0x135 ./Drivers/STM32F4xx_HAL_Driver/Src/stm32f4xx_hal_pwr_ex.o
                              0xc3d44 (size before relaxing)
 .debug_str     0x000cb577      0x233 ./Drivers/STM32F4xx_HAL_Driver/Src/stm32f4xx_hal_rcc.o
                              0xc3fa5 (size before relaxing)
 .debug_str     0x000cb7aa      0x31c ./Drivers/STM32F4xx_HAL_Driver/Src/stm32f4xx_hal_rcc_ex.o
                              0xc3fd8 (size before relaxing)
 .debug_str     0x000cbac6      0x59c ./Drivers/STM32F4xx_HAL_Driver/Src/stm32f4xx_hal_spi.o
                              0xc4405 (size before relaxing)
 .debug_str     0x000cc062      0x618 ./Drivers/STM32F4xx_HAL_Driver/Src/stm32f4xx_hal_uart.o
                              0xc455c (size before relaxing)
 .debug_str     0x000cc67a       0xf1 ./FATFS/App/fatfs.o
                              0xc7370 (size before relaxing)
 .debug_str     0x000cc76b       0xcf ./FATFS/Target/user_diskio.o
                              0xc7352 (size before relaxing)
 .debug_str     0x000cc83a      0x3bf ./FATFS/Target/user_diskio_spi.o
                              0xc7b37 (size before relaxing)
 .debug_str     0x000ccbf9       0x52 ./Middlewares/Third_Party/FatFs/src/diskio.o
                              0xc727f (size before relaxing)
 .debug_str     0x000ccc4b     0x1010 ./Middlewares/Third_Party/FatFs/src/ff.o