../Drivers/CMSIS/Include/core_cm4.h:2064:26:ITM_SendChar	16	static,ignoring_inline_asm
../Core/Src/main.c:83:5:main	8	static
../Core/Src/main.c:169:6:SystemClock_Config	88	static
../Core/Src/main.c:224:13:MX_I2S2_Init	8	static
../Core/Src/main.c:258:13:MX_SDIO_SD_Init	4	static
../Core/Src/main.c:284:13:MX_DMA_Init	16	static
../Core/Src/main.c:309:13:MX_GPIO_Init	48	static
../Core/Src/main.c:342:5:_write	32	static
../Core/Src/main.c:354:6:HAL_I2S_RxCpltCallback	16	static
../Core/Src/main.c:360:6:HAL_I2S_RxHalfCpltCallback	16	static
../Core/Src/main.c:366:6:HAL_GPIO_EXTI_Callback	24	static
../Core/Src/main.c:386:6:Error_Handler	4	static,ignoring_inline_asm
